{smcl}
{com}{sf}{ul off}{txt}
{com}. 
. 
. **STEP 17: TABLE 5: MED4WAY FOR DIFFERENT PROBABILITIES OF DEMENTIA AS EXPOSURE, POOR SLEEP AS MEDIATORS, AND ALL-CAUSE DEATH AS OUTCOME: FULL MODEL BY SEX AND BY RACE/ETHNICITY***
. 
. 
. use finaldata_imputed_FINAL,clear
{txt}
{com}. 
. *****************************OVERALL*******************************
. capture drop zpoorsleep_2006 
{txt}
{com}. capture drop zpoorsleepalt_2006
{txt}
{com}. capture drop zlnhurd_odds 
{txt}
{com}. capture drop zlnexpert_odds 
{txt}
{com}. capture drop zlnlasso_odds
{txt}
{com}. foreach x of varlist poorsleep_2006 poorsleepalt_2006 lnhurd_odds lnexpert_odds lnlasso_odds {c -(}
{txt}  2{com}.         mi passive: egen z`x'=std(`x') if sample_final==1
{txt}  3{com}. {c )-}
{res}{txt}{p}
(passive variables
{res}zpoorsleep_2006 zpoorsleepalt_2006 zlnhurd_odds zlnexpert_odds zlnlasso_odds
{txt}unregistered because not in {it:m}=0)
{p_end}
{it:m}=0:
(36,570 missing values generated)
{it:m}=1:
(36,570 missing values generated)
{it:m}=2:
(36,570 missing values generated)
{it:m}=3:
(36,570 missing values generated)
{it:m}=4:
(36,570 missing values generated)
{it:m}=5:
(36,570 missing values generated)
{res}{txt}{it:m}=0:
(36,570 missing values generated)
{it:m}=1:
(36,570 missing values generated)
{it:m}=2:
(36,570 missing values generated)
{it:m}=3:
(36,570 missing values generated)
{it:m}=4:
(36,570 missing values generated)
{it:m}=5:
(36,570 missing values generated)
{res}{txt}{it:m}=0:
(36,570 missing values generated)
{it:m}=1:
(36,570 missing values generated)
{it:m}=2:
(36,570 missing values generated)
{it:m}=3:
(36,570 missing values generated)
{it:m}=4:
(36,570 missing values generated)
{it:m}=5:
(36,570 missing values generated)
{res}{txt}{it:m}=0:
(36,570 missing values generated)
{it:m}=1:
(36,570 missing values generated)
{it:m}=2:
(36,570 missing values generated)
{it:m}=3:
(36,570 missing values generated)
{it:m}=4:
(36,570 missing values generated)
{it:m}=5:
(36,570 missing values generated)
{res}{txt}{it:m}=0:
(36,570 missing values generated)
{it:m}=1:
(36,570 missing values generated)
{it:m}=2:
(36,570 missing values generated)
{it:m}=3:
(36,570 missing values generated)
{it:m}=4:
(36,570 missing values generated)
{it:m}=5:
(36,570 missing values generated)

{com}. 
. save, replace
{txt}{p 0 4 2}
(file {bf}
C:\Users\baydounm\AppData\Local\Temp\ST_6434_000002.tmp{rm}
not found)
{p_end}
{p 0 4 2}
file {bf}
C:\Users\baydounm\AppData\Local\Temp\ST_6434_000002.tmp{rm}
saved
as .dta format
{p_end}

{com}. 
. 
. 
. 
. 
. foreach x of varlist zlnhurd_odds zlnexpert_odds zlnlasso_odds {c -(}
{txt}  2{com}. mi estimate, cmdok esampvaryok: med4way `x' zpoorsleep_2006  AGE2006 SEX NonWhite  educationg* totwealth_2006 marital_2006g* smoking_2006g* physic_act_2006g* srh_2006g* bmibr_2006g*  cardiometcondbr_2006g* zcesd_2006 if sample_final==1 , a0(0) a1(1) m(0) yreg(cox) mreg(linear) 
{txt}  3{com}. {c )-}
{res}{err}Warning: this analysis assumes a rare outcome.
Warning: fixed values for the covariates AGE2006 SEX NonWhite educationg1 educationg2 educationg3 educationg4 educationg5 totwealth_2006 marital_2006g1 marital_2006g2 marital_2006g3 marital_2006g4 smoking_2006g1 smoking_2006g2 smoking_2006g3 physic_act_2006g1 physic_act_2006g2 physic_act_2006g3 srh_2006g1 srh_2006g2 bmibr_2006g1 bmibr_2006g2 bmibr_2006g3 cardiometcondbr_2006g1 cardiometcondbr_2006g2 cardiometcondbr_2006g3 zcesd_2006 were not provided. All covariates are fixed at their respective mean.
{res}{err}Warning: this analysis assumes a rare outcome.
Warning: fixed values for the covariates AGE2006 SEX NonWhite educationg1 educationg2 educationg3 educationg4 educationg5 totwealth_2006 marital_2006g1 marital_2006g2 marital_2006g3 marital_2006g4 smoking_2006g1 smoking_2006g2 smoking_2006g3 physic_act_2006g1 physic_act_2006g2 physic_act_2006g3 srh_2006g1 srh_2006g2 bmibr_2006g1 bmibr_2006g2 bmibr_2006g3 cardiometcondbr_2006g1 cardiometcondbr_2006g2 cardiometcondbr_2006g3 zcesd_2006 were not provided. All covariates are fixed at their respective mean.
{res}{err}Warning: this analysis assumes a rare outcome.
Warning: fixed values for the covariates AGE2006 SEX NonWhite educationg1 educationg2 educationg3 educationg4 educationg5 totwealth_2006 marital_2006g1 marital_2006g2 marital_2006g3 marital_2006g4 smoking_2006g1 smoking_2006g2 smoking_2006g3 physic_act_2006g1 physic_act_2006g2 physic_act_2006g3 srh_2006g1 srh_2006g2 bmibr_2006g1 bmibr_2006g2 bmibr_2006g3 cardiometcondbr_2006g1 cardiometcondbr_2006g2 cardiometcondbr_2006g3 zcesd_2006 were not provided. All covariates are fixed at their respective mean.
{res}{err}Warning: this analysis assumes a rare outcome.
Warning: fixed values for the covariates AGE2006 SEX NonWhite educationg1 educationg2 educationg3 educationg4 educationg5 totwealth_2006 marital_2006g1 marital_2006g2 marital_2006g3 marital_2006g4 smoking_2006g1 smoking_2006g2 smoking_2006g3 physic_act_2006g1 physic_act_2006g2 physic_act_2006g3 srh_2006g1 srh_2006g2 bmibr_2006g1 bmibr_2006g2 bmibr_2006g3 cardiometcondbr_2006g1 cardiometcondbr_2006g2 cardiometcondbr_2006g3 zcesd_2006 were not provided. All covariates are fixed at their respective mean.
{res}{err}Warning: this analysis assumes a rare outcome.
Warning: fixed values for the covariates AGE2006 SEX NonWhite educationg1 educationg2 educationg3 educationg4 educationg5 totwealth_2006 marital_2006g1 marital_2006g2 marital_2006g3 marital_2006g4 smoking_2006g1 smoking_2006g2 smoking_2006g3 physic_act_2006g1 physic_act_2006g2 physic_act_2006g3 srh_2006g1 srh_2006g2 bmibr_2006g1 bmibr_2006g2 bmibr_2006g3 cardiometcondbr_2006g1 cardiometcondbr_2006g2 cardiometcondbr_2006g3 zcesd_2006 were not provided. All covariates are fixed at their respective mean.
{res}
{txt}Multiple-imputation estimates{col 49}Imputations{col 67}= {res}         5
{txt}{col 49}Number of obs{col 67}= {res}     6,510
{txt}{col 49}Average RVI{col 67}= {res}    0.0001
{txt}{col 49}Largest FMI{col 67}= {res}    0.0002
{txt}DF adjustment:{ralign 15: {res:Large sample}}{col 49}DF:     min{col 67}= {res}  1.08e+08
{txt}{col 49}        avg{col 67}= {res}  2.00e+10
{txt}{col 49}        max{col 67}= {res}  9.91e+10

{txt}{hline 13}{c TT}{hline 11}{hline 11}{hline 9}{hline 8}{hline 13}{hline 12}
{col 14}{c |} Coefficient{col 26}  Std. err.{col 38}      t{col 46}   P>|t|{col 54}     [95% con{col 67}f. interval]
{hline 13}{c +}{hline 11}{hline 11}{hline 9}{hline 8}{hline 13}{hline 12}
{space 6}tereri {c |}{col 14}{res}{space 2} .5078116{col 26}{space 2}  .047817{col 37}{space 1}   10.62{col 46}{space 3}0.000{col 54}{space 4} .4140919{col 67}{space 3} .6015312
{txt}{space 3}ereri_cde {c |}{col 14}{res}{space 2} .4683686{col 26}{space 2} .0458344{col 37}{space 1}   10.22{col 46}{space 3}0.000{col 54}{space 4} .3785348{col 67}{space 3} .5582024
{txt}ereri_intref {c |}{col 14}{res}{space 2} .0186584{col 26}{space 2} .0060933{col 37}{space 1}    3.06{col 46}{space 3}0.002{col 54}{space 4} .0067158{col 67}{space 3}  .030601
{txt}ereri_intmed {c |}{col 14}{res}{space 2} .0158549{col 26}{space 2} .0051666{col 37}{space 1}    3.07{col 46}{space 3}0.002{col 54}{space 4} .0057285{col 67}{space 3} .0259813
{txt}{space 3}ereri_pie {c |}{col 14}{res}{space 2} .0049297{col 26}{space 2} .0018693{col 37}{space 1}    2.64{col 46}{space 3}0.008{col 54}{space 4}  .001266{col 67}{space 3} .0085934
{txt}{hline 13}{c BT}{hline 11}{hline 11}{hline 9}{hline 8}{hline 13}{hline 12}
{res}{err}Warning: this analysis assumes a rare outcome.
Warning: fixed values for the covariates AGE2006 SEX NonWhite educationg1 educationg2 educationg3 educationg4 educationg5 totwealth_2006 marital_2006g1 marital_2006g2 marital_2006g3 marital_2006g4 smoking_2006g1 smoking_2006g2 smoking_2006g3 physic_act_2006g1 physic_act_2006g2 physic_act_2006g3 srh_2006g1 srh_2006g2 bmibr_2006g1 bmibr_2006g2 bmibr_2006g3 cardiometcondbr_2006g1 cardiometcondbr_2006g2 cardiometcondbr_2006g3 zcesd_2006 were not provided. All covariates are fixed at their respective mean.
{res}{err}Warning: this analysis assumes a rare outcome.
Warning: fixed values for the covariates AGE2006 SEX NonWhite educationg1 educationg2 educationg3 educationg4 educationg5 totwealth_2006 marital_2006g1 marital_2006g2 marital_2006g3 marital_2006g4 smoking_2006g1 smoking_2006g2 smoking_2006g3 physic_act_2006g1 physic_act_2006g2 physic_act_2006g3 srh_2006g1 srh_2006g2 bmibr_2006g1 bmibr_2006g2 bmibr_2006g3 cardiometcondbr_2006g1 cardiometcondbr_2006g2 cardiometcondbr_2006g3 zcesd_2006 were not provided. All covariates are fixed at their respective mean.
{res}{err}Warning: this analysis assumes a rare outcome.
Warning: fixed values for the covariates AGE2006 SEX NonWhite educationg1 educationg2 educationg3 educationg4 educationg5 totwealth_2006 marital_2006g1 marital_2006g2 marital_2006g3 marital_2006g4 smoking_2006g1 smoking_2006g2 smoking_2006g3 physic_act_2006g1 physic_act_2006g2 physic_act_2006g3 srh_2006g1 srh_2006g2 bmibr_2006g1 bmibr_2006g2 bmibr_2006g3 cardiometcondbr_2006g1 cardiometcondbr_2006g2 cardiometcondbr_2006g3 zcesd_2006 were not provided. All covariates are fixed at their respective mean.
{res}{err}Warning: this analysis assumes a rare outcome.
Warning: fixed values for the covariates AGE2006 SEX NonWhite educationg1 educationg2 educationg3 educationg4 educationg5 totwealth_2006 marital_2006g1 marital_2006g2 marital_2006g3 marital_2006g4 smoking_2006g1 smoking_2006g2 smoking_2006g3 physic_act_2006g1 physic_act_2006g2 physic_act_2006g3 srh_2006g1 srh_2006g2 bmibr_2006g1 bmibr_2006g2 bmibr_2006g3 cardiometcondbr_2006g1 cardiometcondbr_2006g2 cardiometcondbr_2006g3 zcesd_2006 were not provided. All covariates are fixed at their respective mean.
{res}{err}Warning: this analysis assumes a rare outcome.
Warning: fixed values for the covariates AGE2006 SEX NonWhite educationg1 educationg2 educationg3 educationg4 educationg5 totwealth_2006 marital_2006g1 marital_2006g2 marital_2006g3 marital_2006g4 smoking_2006g1 smoking_2006g2 smoking_2006g3 physic_act_2006g1 physic_act_2006g2 physic_act_2006g3 srh_2006g1 srh_2006g2 bmibr_2006g1 bmibr_2006g2 bmibr_2006g3 cardiometcondbr_2006g1 cardiometcondbr_2006g2 cardiometcondbr_2006g3 zcesd_2006 were not provided. All covariates are fixed at their respective mean.
{res}
{txt}Multiple-imputation estimates{col 49}Imputations{col 67}= {res}         5
{txt}{col 49}Number of obs{col 67}= {res}     6,510
{txt}{col 49}Average RVI{col 67}= {res}    0.0001
{txt}{col 49}Largest FMI{col 67}= {res}    0.0003
{txt}DF adjustment:{ralign 15: {res:Large sample}}{col 49}DF:     min{col 67}= {res}  4.54e+07
{txt}{col 49}        avg{col 67}= {res}  4.38e+09
{txt}{col 49}        max{col 67}= {res}  2.14e+10

{txt}{hline 13}{c TT}{hline 11}{hline 11}{hline 9}{hline 8}{hline 13}{hline 12}
{col 14}{c |} Coefficient{col 26}  Std. err.{col 38}      t{col 46}   P>|t|{col 54}     [95% con{col 67}f. interval]
{hline 13}{c +}{hline 11}{hline 11}{hline 9}{hline 8}{hline 13}{hline 12}
{space 6}tereri {c |}{col 14}{res}{space 2} .3828363{col 26}{space 2} .0320282{col 37}{space 1}   11.95{col 46}{space 3}0.000{col 54}{space 4} .3200621{col 67}{space 3} .4456104
{txt}{space 3}ereri_cde {c |}{col 14}{res}{space 2} .3589969{col 26}{space 2} .0311212{col 37}{space 1}   11.54{col 46}{space 3}0.000{col 54}{space 4} .2980004{col 67}{space 3} .4199933
{txt}ereri_intref {c |}{col 14}{res}{space 2} .0102364{col 26}{space 2} .0034524{col 37}{space 1}    2.96{col 46}{space 3}0.003{col 54}{space 4} .0034698{col 67}{space 3}  .017003
{txt}ereri_intmed {c |}{col 14}{res}{space 2} .0094675{col 26}{space 2}  .002784{col 37}{space 1}    3.40{col 46}{space 3}0.001{col 54}{space 4} .0040109{col 67}{space 3} .0149241
{txt}{space 3}ereri_pie {c |}{col 14}{res}{space 2} .0041355{col 26}{space 2} .0015281{col 37}{space 1}    2.71{col 46}{space 3}0.007{col 54}{space 4} .0011406{col 67}{space 3} .0071305
{txt}{hline 13}{c BT}{hline 11}{hline 11}{hline 9}{hline 8}{hline 13}{hline 12}
{res}{err}Warning: this analysis assumes a rare outcome.
Warning: fixed values for the covariates AGE2006 SEX NonWhite educationg1 educationg2 educationg3 educationg4 educationg5 totwealth_2006 marital_2006g1 marital_2006g2 marital_2006g3 marital_2006g4 smoking_2006g1 smoking_2006g2 smoking_2006g3 physic_act_2006g1 physic_act_2006g2 physic_act_2006g3 srh_2006g1 srh_2006g2 bmibr_2006g1 bmibr_2006g2 bmibr_2006g3 cardiometcondbr_2006g1 cardiometcondbr_2006g2 cardiometcondbr_2006g3 zcesd_2006 were not provided. All covariates are fixed at their respective mean.
{res}{err}Warning: this analysis assumes a rare outcome.
Warning: fixed values for the covariates AGE2006 SEX NonWhite educationg1 educationg2 educationg3 educationg4 educationg5 totwealth_2006 marital_2006g1 marital_2006g2 marital_2006g3 marital_2006g4 smoking_2006g1 smoking_2006g2 smoking_2006g3 physic_act_2006g1 physic_act_2006g2 physic_act_2006g3 srh_2006g1 srh_2006g2 bmibr_2006g1 bmibr_2006g2 bmibr_2006g3 cardiometcondbr_2006g1 cardiometcondbr_2006g2 cardiometcondbr_2006g3 zcesd_2006 were not provided. All covariates are fixed at their respective mean.
{res}{err}Warning: this analysis assumes a rare outcome.
Warning: fixed values for the covariates AGE2006 SEX NonWhite educationg1 educationg2 educationg3 educationg4 educationg5 totwealth_2006 marital_2006g1 marital_2006g2 marital_2006g3 marital_2006g4 smoking_2006g1 smoking_2006g2 smoking_2006g3 physic_act_2006g1 physic_act_2006g2 physic_act_2006g3 srh_2006g1 srh_2006g2 bmibr_2006g1 bmibr_2006g2 bmibr_2006g3 cardiometcondbr_2006g1 cardiometcondbr_2006g2 cardiometcondbr_2006g3 zcesd_2006 were not provided. All covariates are fixed at their respective mean.
{res}{err}Warning: this analysis assumes a rare outcome.
Warning: fixed values for the covariates AGE2006 SEX NonWhite educationg1 educationg2 educationg3 educationg4 educationg5 totwealth_2006 marital_2006g1 marital_2006g2 marital_2006g3 marital_2006g4 smoking_2006g1 smoking_2006g2 smoking_2006g3 physic_act_2006g1 physic_act_2006g2 physic_act_2006g3 srh_2006g1 srh_2006g2 bmibr_2006g1 bmibr_2006g2 bmibr_2006g3 cardiometcondbr_2006g1 cardiometcondbr_2006g2 cardiometcondbr_2006g3 zcesd_2006 were not provided. All covariates are fixed at their respective mean.
{res}{err}Warning: this analysis assumes a rare outcome.
Warning: fixed values for the covariates AGE2006 SEX NonWhite educationg1 educationg2 educationg3 educationg4 educationg5 totwealth_2006 marital_2006g1 marital_2006g2 marital_2006g3 marital_2006g4 smoking_2006g1 smoking_2006g2 smoking_2006g3 physic_act_2006g1 physic_act_2006g2 physic_act_2006g3 srh_2006g1 srh_2006g2 bmibr_2006g1 bmibr_2006g2 bmibr_2006g3 cardiometcondbr_2006g1 cardiometcondbr_2006g2 cardiometcondbr_2006g3 zcesd_2006 were not provided. All covariates are fixed at their respective mean.
{res}
{txt}Multiple-imputation estimates{col 49}Imputations{col 67}= {res}         5
{txt}{col 49}Number of obs{col 67}= {res}     6,510
{txt}{col 49}Average RVI{col 67}= {res}    0.0001
{txt}{col 49}Largest FMI{col 67}= {res}    0.0002
{txt}DF adjustment:{ralign 15: {res:Large sample}}{col 49}DF:     min{col 67}= {res}  1.38e+08
{txt}{col 49}        avg{col 67}= {res}  1.01e+10
{txt}{col 49}        max{col 67}= {res}  4.96e+10

{txt}{hline 13}{c TT}{hline 11}{hline 11}{hline 9}{hline 8}{hline 13}{hline 12}
{col 14}{c |} Coefficient{col 26}  Std. err.{col 38}      t{col 46}   P>|t|{col 54}     [95% con{col 67}f. interval]
{hline 13}{c +}{hline 11}{hline 11}{hline 9}{hline 8}{hline 13}{hline 12}
{space 6}tereri {c |}{col 14}{res}{space 2} .4457043{col 26}{space 2} .0345508{col 37}{space 1}   12.90{col 46}{space 3}0.000{col 54}{space 4} .3779859{col 67}{space 3} .5134227
{txt}{space 3}ereri_cde {c |}{col 14}{res}{space 2} .4169909{col 26}{space 2} .0336765{col 37}{space 1}   12.38{col 46}{space 3}0.000{col 54}{space 4} .3509861{col 67}{space 3} .4829957
{txt}ereri_intref {c |}{col 14}{res}{space 2} .0115115{col 26}{space 2} .0038936{col 37}{space 1}    2.96{col 46}{space 3}0.003{col 54}{space 4} .0038802{col 67}{space 3} .0191428
{txt}ereri_intmed {c |}{col 14}{res}{space 2}  .012242{col 26}{space 2} .0033461{col 37}{space 1}    3.66{col 46}{space 3}0.000{col 54}{space 4} .0056839{col 67}{space 3} .0188002
{txt}{space 3}ereri_pie {c |}{col 14}{res}{space 2} .0049599{col 26}{space 2} .0017375{col 37}{space 1}    2.85{col 46}{space 3}0.004{col 54}{space 4} .0015545{col 67}{space 3} .0083652
{txt}{hline 13}{c BT}{hline 11}{hline 11}{hline 9}{hline 8}{hline 13}{hline 12}
{res}{txt}
{com}. 
. ***************SENSITIVITY ANALYSIS, OVERALL******************
. 
. 
. foreach x of varlist zlnhurd_odds zlnexpert_odds zlnlasso_odds {c -(}
{txt}  2{com}. mi estimate, cmdok esampvaryok: med4way `x' zpoorsleepalt_2006  AGE2006 SEX NonWhite  educationg* totwealth_2006 marital_2006g* smoking_2006g* physic_act_2006g* srh_2006g* bmibr_2006g*  cardiometcondbr_2006g* zcesd_2006 if sample_final==1 , a0(0) a1(1) m(0) yreg(cox) mreg(linear) 
{txt}  3{com}. {c )-}
{res}{err}Warning: this analysis assumes a rare outcome.
Warning: fixed values for the covariates AGE2006 SEX NonWhite educationg1 educationg2 educationg3 educationg4 educationg5 totwealth_2006 marital_2006g1 marital_2006g2 marital_2006g3 marital_2006g4 smoking_2006g1 smoking_2006g2 smoking_2006g3 physic_act_2006g1 physic_act_2006g2 physic_act_2006g3 srh_2006g1 srh_2006g2 bmibr_2006g1 bmibr_2006g2 bmibr_2006g3 cardiometcondbr_2006g1 cardiometcondbr_2006g2 cardiometcondbr_2006g3 zcesd_2006 were not provided. All covariates are fixed at their respective mean.
{res}{err}Warning: this analysis assumes a rare outcome.
Warning: fixed values for the covariates AGE2006 SEX NonWhite educationg1 educationg2 educationg3 educationg4 educationg5 totwealth_2006 marital_2006g1 marital_2006g2 marital_2006g3 marital_2006g4 smoking_2006g1 smoking_2006g2 smoking_2006g3 physic_act_2006g1 physic_act_2006g2 physic_act_2006g3 srh_2006g1 srh_2006g2 bmibr_2006g1 bmibr_2006g2 bmibr_2006g3 cardiometcondbr_2006g1 cardiometcondbr_2006g2 cardiometcondbr_2006g3 zcesd_2006 were not provided. All covariates are fixed at their respective mean.
{res}{err}Warning: this analysis assumes a rare outcome.
Warning: fixed values for the covariates AGE2006 SEX NonWhite educationg1 educationg2 educationg3 educationg4 educationg5 totwealth_2006 marital_2006g1 marital_2006g2 marital_2006g3 marital_2006g4 smoking_2006g1 smoking_2006g2 smoking_2006g3 physic_act_2006g1 physic_act_2006g2 physic_act_2006g3 srh_2006g1 srh_2006g2 bmibr_2006g1 bmibr_2006g2 bmibr_2006g3 cardiometcondbr_2006g1 cardiometcondbr_2006g2 cardiometcondbr_2006g3 zcesd_2006 were not provided. All covariates are fixed at their respective mean.
{res}{err}Warning: this analysis assumes a rare outcome.
Warning: fixed values for the covariates AGE2006 SEX NonWhite educationg1 educationg2 educationg3 educationg4 educationg5 totwealth_2006 marital_2006g1 marital_2006g2 marital_2006g3 marital_2006g4 smoking_2006g1 smoking_2006g2 smoking_2006g3 physic_act_2006g1 physic_act_2006g2 physic_act_2006g3 srh_2006g1 srh_2006g2 bmibr_2006g1 bmibr_2006g2 bmibr_2006g3 cardiometcondbr_2006g1 cardiometcondbr_2006g2 cardiometcondbr_2006g3 zcesd_2006 were not provided. All covariates are fixed at their respective mean.
{res}{err}Warning: this analysis assumes a rare outcome.
Warning: fixed values for the covariates AGE2006 SEX NonWhite educationg1 educationg2 educationg3 educationg4 educationg5 totwealth_2006 marital_2006g1 marital_2006g2 marital_2006g3 marital_2006g4 smoking_2006g1 smoking_2006g2 smoking_2006g3 physic_act_2006g1 physic_act_2006g2 physic_act_2006g3 srh_2006g1 srh_2006g2 bmibr_2006g1 bmibr_2006g2 bmibr_2006g3 cardiometcondbr_2006g1 cardiometcondbr_2006g2 cardiometcondbr_2006g3 zcesd_2006 were not provided. All covariates are fixed at their respective mean.
{res}
{txt}Multiple-imputation estimates{col 49}Imputations{col 67}= {res}         5
{txt}{col 49}Number of obs{col 67}= {res}     6,510
{txt}{col 49}Average RVI{col 67}= {res}    0.0001
{txt}{col 49}Largest FMI{col 67}= {res}    0.0002
{txt}DF adjustment:{ralign 15: {res:Large sample}}{col 49}DF:     min{col 67}= {res}  1.17e+08
{txt}{col 49}        avg{col 67}= {res}  1.90e+10
{txt}{col 49}        max{col 67}= {res}  9.44e+10

{txt}{hline 13}{c TT}{hline 11}{hline 11}{hline 9}{hline 8}{hline 13}{hline 12}
{col 14}{c |} Coefficient{col 26}  Std. err.{col 38}      t{col 46}   P>|t|{col 54}     [95% con{col 67}f. interval]
{hline 13}{c +}{hline 11}{hline 11}{hline 9}{hline 8}{hline 13}{hline 12}
{space 6}tereri {c |}{col 14}{res}{space 2} .5083399{col 26}{space 2} .0478423{col 37}{space 1}   10.63{col 46}{space 3}0.000{col 54}{space 4} .4145707{col 67}{space 3} .6021091
{txt}{space 3}ereri_cde {c |}{col 14}{res}{space 2} .4654872{col 26}{space 2} .0456889{col 37}{space 1}   10.19{col 46}{space 3}0.000{col 54}{space 4} .3759386{col 67}{space 3} .5550358
{txt}ereri_intref {c |}{col 14}{res}{space 2} .0196838{col 26}{space 2}  .006302{col 37}{space 1}    3.12{col 46}{space 3}0.002{col 54}{space 4} .0073321{col 67}{space 3} .0320356
{txt}ereri_intmed {c |}{col 14}{res}{space 2}  .017337{col 26}{space 2} .0053714{col 37}{space 1}    3.23{col 46}{space 3}0.001{col 54}{space 4} .0068093{col 67}{space 3} .0278647
{txt}{space 3}ereri_pie {c |}{col 14}{res}{space 2} .0058319{col 26}{space 2}  .002038{col 37}{space 1}    2.86{col 46}{space 3}0.004{col 54}{space 4} .0018374{col 67}{space 3} .0098264
{txt}{hline 13}{c BT}{hline 11}{hline 11}{hline 9}{hline 8}{hline 13}{hline 12}
{res}{err}Warning: this analysis assumes a rare outcome.
Warning: fixed values for the covariates AGE2006 SEX NonWhite educationg1 educationg2 educationg3 educationg4 educationg5 totwealth_2006 marital_2006g1 marital_2006g2 marital_2006g3 marital_2006g4 smoking_2006g1 smoking_2006g2 smoking_2006g3 physic_act_2006g1 physic_act_2006g2 physic_act_2006g3 srh_2006g1 srh_2006g2 bmibr_2006g1 bmibr_2006g2 bmibr_2006g3 cardiometcondbr_2006g1 cardiometcondbr_2006g2 cardiometcondbr_2006g3 zcesd_2006 were not provided. All covariates are fixed at their respective mean.
{res}{err}Warning: this analysis assumes a rare outcome.
Warning: fixed values for the covariates AGE2006 SEX NonWhite educationg1 educationg2 educationg3 educationg4 educationg5 totwealth_2006 marital_2006g1 marital_2006g2 marital_2006g3 marital_2006g4 smoking_2006g1 smoking_2006g2 smoking_2006g3 physic_act_2006g1 physic_act_2006g2 physic_act_2006g3 srh_2006g1 srh_2006g2 bmibr_2006g1 bmibr_2006g2 bmibr_2006g3 cardiometcondbr_2006g1 cardiometcondbr_2006g2 cardiometcondbr_2006g3 zcesd_2006 were not provided. All covariates are fixed at their respective mean.
{res}{err}Warning: this analysis assumes a rare outcome.
Warning: fixed values for the covariates AGE2006 SEX NonWhite educationg1 educationg2 educationg3 educationg4 educationg5 totwealth_2006 marital_2006g1 marital_2006g2 marital_2006g3 marital_2006g4 smoking_2006g1 smoking_2006g2 smoking_2006g3 physic_act_2006g1 physic_act_2006g2 physic_act_2006g3 srh_2006g1 srh_2006g2 bmibr_2006g1 bmibr_2006g2 bmibr_2006g3 cardiometcondbr_2006g1 cardiometcondbr_2006g2 cardiometcondbr_2006g3 zcesd_2006 were not provided. All covariates are fixed at their respective mean.
{res}{err}Warning: this analysis assumes a rare outcome.
Warning: fixed values for the covariates AGE2006 SEX NonWhite educationg1 educationg2 educationg3 educationg4 educationg5 totwealth_2006 marital_2006g1 marital_2006g2 marital_2006g3 marital_2006g4 smoking_2006g1 smoking_2006g2 smoking_2006g3 physic_act_2006g1 physic_act_2006g2 physic_act_2006g3 srh_2006g1 srh_2006g2 bmibr_2006g1 bmibr_2006g2 bmibr_2006g3 cardiometcondbr_2006g1 cardiometcondbr_2006g2 cardiometcondbr_2006g3 zcesd_2006 were not provided. All covariates are fixed at their respective mean.
{res}{err}Warning: this analysis assumes a rare outcome.
Warning: fixed values for the covariates AGE2006 SEX NonWhite educationg1 educationg2 educationg3 educationg4 educationg5 totwealth_2006 marital_2006g1 marital_2006g2 marital_2006g3 marital_2006g4 smoking_2006g1 smoking_2006g2 smoking_2006g3 physic_act_2006g1 physic_act_2006g2 physic_act_2006g3 srh_2006g1 srh_2006g2 bmibr_2006g1 bmibr_2006g2 bmibr_2006g3 cardiometcondbr_2006g1 cardiometcondbr_2006g2 cardiometcondbr_2006g3 zcesd_2006 were not provided. All covariates are fixed at their respective mean.
{res}
{txt}Multiple-imputation estimates{col 49}Imputations{col 67}= {res}         5
{txt}{col 49}Number of obs{col 67}= {res}     6,510
{txt}{col 49}Average RVI{col 67}= {res}    0.0001
{txt}{col 49}Largest FMI{col 67}= {res}    0.0003
{txt}DF adjustment:{ralign 15: {res:Large sample}}{col 49}DF:     min{col 67}= {res}  3.73e+07
{txt}{col 49}        avg{col 67}= {res}  4.78e+09
{txt}{col 49}        max{col 67}= {res}  2.34e+10

{txt}{hline 13}{c TT}{hline 11}{hline 11}{hline 9}{hline 8}{hline 13}{hline 12}
{col 14}{c |} Coefficient{col 26}  Std. err.{col 38}      t{col 46}   P>|t|{col 54}     [95% con{col 67}f. interval]
{hline 13}{c +}{hline 11}{hline 11}{hline 9}{hline 8}{hline 13}{hline 12}
{space 6}tereri {c |}{col 14}{res}{space 2} .3824244{col 26}{space 2} .0320032{col 37}{space 1}   11.95{col 46}{space 3}0.000{col 54}{space 4} .3196992{col 67}{space 3} .4451495
{txt}{space 3}ereri_cde {c |}{col 14}{res}{space 2} .3576487{col 26}{space 2} .0310558{col 37}{space 1}   11.52{col 46}{space 3}0.000{col 54}{space 4} .2967804{col 67}{space 3}  .418517
{txt}ereri_intref {c |}{col 14}{res}{space 2} .0107789{col 26}{space 2} .0035544{col 37}{space 1}    3.03{col 46}{space 3}0.002{col 54}{space 4} .0038125{col 67}{space 3} .0177453
{txt}ereri_intmed {c |}{col 14}{res}{space 2} .0094619{col 26}{space 2} .0028059{col 37}{space 1}    3.37{col 46}{space 3}0.001{col 54}{space 4} .0039623{col 67}{space 3} .0149614
{txt}{space 3}ereri_pie {c |}{col 14}{res}{space 2} .0045349{col 26}{space 2} .0015896{col 37}{space 1}    2.85{col 46}{space 3}0.004{col 54}{space 4} .0014194{col 67}{space 3} .0076503
{txt}{hline 13}{c BT}{hline 11}{hline 11}{hline 9}{hline 8}{hline 13}{hline 12}
{res}{err}Warning: this analysis assumes a rare outcome.
Warning: fixed values for the covariates AGE2006 SEX NonWhite educationg1 educationg2 educationg3 educationg4 educationg5 totwealth_2006 marital_2006g1 marital_2006g2 marital_2006g3 marital_2006g4 smoking_2006g1 smoking_2006g2 smoking_2006g3 physic_act_2006g1 physic_act_2006g2 physic_act_2006g3 srh_2006g1 srh_2006g2 bmibr_2006g1 bmibr_2006g2 bmibr_2006g3 cardiometcondbr_2006g1 cardiometcondbr_2006g2 cardiometcondbr_2006g3 zcesd_2006 were not provided. All covariates are fixed at their respective mean.
{res}{err}Warning: this analysis assumes a rare outcome.
Warning: fixed values for the covariates AGE2006 SEX NonWhite educationg1 educationg2 educationg3 educationg4 educationg5 totwealth_2006 marital_2006g1 marital_2006g2 marital_2006g3 marital_2006g4 smoking_2006g1 smoking_2006g2 smoking_2006g3 physic_act_2006g1 physic_act_2006g2 physic_act_2006g3 srh_2006g1 srh_2006g2 bmibr_2006g1 bmibr_2006g2 bmibr_2006g3 cardiometcondbr_2006g1 cardiometcondbr_2006g2 cardiometcondbr_2006g3 zcesd_2006 were not provided. All covariates are fixed at their respective mean.
{res}{err}Warning: this analysis assumes a rare outcome.
Warning: fixed values for the covariates AGE2006 SEX NonWhite educationg1 educationg2 educationg3 educationg4 educationg5 totwealth_2006 marital_2006g1 marital_2006g2 marital_2006g3 marital_2006g4 smoking_2006g1 smoking_2006g2 smoking_2006g3 physic_act_2006g1 physic_act_2006g2 physic_act_2006g3 srh_2006g1 srh_2006g2 bmibr_2006g1 bmibr_2006g2 bmibr_2006g3 cardiometcondbr_2006g1 cardiometcondbr_2006g2 cardiometcondbr_2006g3 zcesd_2006 were not provided. All covariates are fixed at their respective mean.
{res}{err}Warning: this analysis assumes a rare outcome.
Warning: fixed values for the covariates AGE2006 SEX NonWhite educationg1 educationg2 educationg3 educationg4 educationg5 totwealth_2006 marital_2006g1 marital_2006g2 marital_2006g3 marital_2006g4 smoking_2006g1 smoking_2006g2 smoking_2006g3 physic_act_2006g1 physic_act_2006g2 physic_act_2006g3 srh_2006g1 srh_2006g2 bmibr_2006g1 bmibr_2006g2 bmibr_2006g3 cardiometcondbr_2006g1 cardiometcondbr_2006g2 cardiometcondbr_2006g3 zcesd_2006 were not provided. All covariates are fixed at their respective mean.
{res}{err}Warning: this analysis assumes a rare outcome.
Warning: fixed values for the covariates AGE2006 SEX NonWhite educationg1 educationg2 educationg3 educationg4 educationg5 totwealth_2006 marital_2006g1 marital_2006g2 marital_2006g3 marital_2006g4 smoking_2006g1 smoking_2006g2 smoking_2006g3 physic_act_2006g1 physic_act_2006g2 physic_act_2006g3 srh_2006g1 srh_2006g2 bmibr_2006g1 bmibr_2006g2 bmibr_2006g3 cardiometcondbr_2006g1 cardiometcondbr_2006g2 cardiometcondbr_2006g3 zcesd_2006 were not provided. All covariates are fixed at their respective mean.
{res}
{txt}Multiple-imputation estimates{col 49}Imputations{col 67}= {res}         5
{txt}{col 49}Number of obs{col 67}= {res}     6,510
{txt}{col 49}Average RVI{col 67}= {res}    0.0001
{txt}{col 49}Largest FMI{col 67}= {res}    0.0002
{txt}DF adjustment:{ralign 15: {res:Large sample}}{col 49}DF:     min{col 67}= {res}  1.38e+08
{txt}{col 49}        avg{col 67}= {res}  1.61e+10
{txt}{col 49}        max{col 67}= {res}  8.01e+10

{txt}{hline 13}{c TT}{hline 11}{hline 11}{hline 9}{hline 8}{hline 13}{hline 12}
{col 14}{c |} Coefficient{col 26}  Std. err.{col 38}      t{col 46}   P>|t|{col 54}     [95% con{col 67}f. interval]
{hline 13}{c +}{hline 11}{hline 11}{hline 9}{hline 8}{hline 13}{hline 12}
{space 6}tereri {c |}{col 14}{res}{space 2} .4449895{col 26}{space 2} .0345137{col 37}{space 1}   12.89{col 46}{space 3}0.000{col 54}{space 4}  .377344{col 67}{space 3} .5126351
{txt}{space 3}ereri_cde {c |}{col 14}{res}{space 2} .4144499{col 26}{space 2} .0335902{col 37}{space 1}   12.34{col 46}{space 3}0.000{col 54}{space 4} .3486144{col 67}{space 3} .4802854
{txt}ereri_intref {c |}{col 14}{res}{space 2} .0121254{col 26}{space 2} .0040269{col 37}{space 1}    3.01{col 46}{space 3}0.003{col 54}{space 4} .0042328{col 67}{space 3} .0200179
{txt}ereri_intmed {c |}{col 14}{res}{space 2} .0127453{col 26}{space 2} .0034338{col 37}{space 1}    3.71{col 46}{space 3}0.000{col 54}{space 4} .0060151{col 67}{space 3} .0194754
{txt}{space 3}ereri_pie {c |}{col 14}{res}{space 2}  .005669{col 26}{space 2} .0018412{col 37}{space 1}    3.08{col 46}{space 3}0.002{col 54}{space 4} .0020604{col 67}{space 3} .0092777
{txt}{hline 13}{c BT}{hline 11}{hline 11}{hline 9}{hline 8}{hline 13}{hline 12}
{res}{txt}
{com}. 
. 
. *****************************MEN*******************************
. capture drop zpoorsleep_2006 
{txt}
{com}. capture drop zpoorsleepalt_2006
{txt}
{com}. capture drop zlnhurd_odds 
{txt}
{com}. capture drop zlnexpert_odds 
{txt}
{com}. capture drop zlnlasso_odds
{txt}
{com}. foreach x of varlist poorsleep_2006 poorsleepalt_2006 lnhurd_odds lnexpert_odds lnlasso_odds {c -(}
{txt}  2{com}.         mi passive: egen z`x'=std(`x') if sample_final==1
{txt}  3{com}. {c )-}
{res}{txt}{p}
(passive variables
{res}zpoorsleep_2006 zpoorsleepalt_2006 zlnhurd_odds zlnexpert_odds zlnlasso_odds
{txt}unregistered because not in {it:m}=0)
{p_end}
{it:m}=0:
(36,570 missing values generated)
{it:m}=1:
(36,570 missing values generated)
{it:m}=2:
(36,570 missing values generated)
{it:m}=3:
(36,570 missing values generated)
{it:m}=4:
(36,570 missing values generated)
{it:m}=5:
(36,570 missing values generated)
{res}{txt}{it:m}=0:
(36,570 missing values generated)
{it:m}=1:
(36,570 missing values generated)
{it:m}=2:
(36,570 missing values generated)
{it:m}=3:
(36,570 missing values generated)
{it:m}=4:
(36,570 missing values generated)
{it:m}=5:
(36,570 missing values generated)
{res}{txt}{it:m}=0:
(36,570 missing values generated)
{it:m}=1:
(36,570 missing values generated)
{it:m}=2:
(36,570 missing values generated)
{it:m}=3:
(36,570 missing values generated)
{it:m}=4:
(36,570 missing values generated)
{it:m}=5:
(36,570 missing values generated)
{res}{txt}{it:m}=0:
(36,570 missing values generated)
{it:m}=1:
(36,570 missing values generated)
{it:m}=2:
(36,570 missing values generated)
{it:m}=3:
(36,570 missing values generated)
{it:m}=4:
(36,570 missing values generated)
{it:m}=5:
(36,570 missing values generated)
{res}{txt}{it:m}=0:
(36,570 missing values generated)
{it:m}=1:
(36,570 missing values generated)
{it:m}=2:
(36,570 missing values generated)
{it:m}=3:
(36,570 missing values generated)
{it:m}=4:
(36,570 missing values generated)
{it:m}=5:
(36,570 missing values generated)

{com}. 
. save, replace
{txt}{p 0 4 2}
(file {bf}
C:\Users\baydounm\AppData\Local\Temp\ST_6434_000002.tmp{rm}
not found)
{p_end}
{p 0 4 2}
file {bf}
C:\Users\baydounm\AppData\Local\Temp\ST_6434_000002.tmp{rm}
saved
as .dta format
{p_end}

{com}. 
. 
. 
. 
. 
. foreach x of varlist zlnhurd_odds zlnexpert_odds zlnlasso_odds {c -(}
{txt}  2{com}. mi estimate, cmdok esampvaryok: med4way `x' zpoorsleep_2006  AGE2006 SEX NonWhite  educationg* totwealth_2006 marital_2006g* smoking_2006g* physic_act_2006g* srh_2006g* bmibr_2006g*  cardiometcondbr_2006g* zcesd_2006 if SEX==1 , a0(0) a1(1) m(0) yreg(cox) mreg(linear) 
{txt}  3{com}. {c )-}
{res}{err}Warning: this analysis assumes a rare outcome.
Warning: fixed values for the covariates AGE2006 SEX NonWhite educationg1 educationg2 educationg3 educationg4 educationg5 totwealth_2006 marital_2006g1 marital_2006g2 marital_2006g3 marital_2006g4 smoking_2006g1 smoking_2006g2 smoking_2006g3 physic_act_2006g1 physic_act_2006g2 physic_act_2006g3 srh_2006g1 srh_2006g2 bmibr_2006g1 bmibr_2006g2 bmibr_2006g3 cardiometcondbr_2006g1 cardiometcondbr_2006g2 cardiometcondbr_2006g3 zcesd_2006 were not provided. All covariates are fixed at their respective mean.
{res}{err}Warning: this analysis assumes a rare outcome.
Warning: fixed values for the covariates AGE2006 SEX NonWhite educationg1 educationg2 educationg3 educationg4 educationg5 totwealth_2006 marital_2006g1 marital_2006g2 marital_2006g3 marital_2006g4 smoking_2006g1 smoking_2006g2 smoking_2006g3 physic_act_2006g1 physic_act_2006g2 physic_act_2006g3 srh_2006g1 srh_2006g2 bmibr_2006g1 bmibr_2006g2 bmibr_2006g3 cardiometcondbr_2006g1 cardiometcondbr_2006g2 cardiometcondbr_2006g3 zcesd_2006 were not provided. All covariates are fixed at their respective mean.
{res}{err}Warning: this analysis assumes a rare outcome.
Warning: fixed values for the covariates AGE2006 SEX NonWhite educationg1 educationg2 educationg3 educationg4 educationg5 totwealth_2006 marital_2006g1 marital_2006g2 marital_2006g3 marital_2006g4 smoking_2006g1 smoking_2006g2 smoking_2006g3 physic_act_2006g1 physic_act_2006g2 physic_act_2006g3 srh_2006g1 srh_2006g2 bmibr_2006g1 bmibr_2006g2 bmibr_2006g3 cardiometcondbr_2006g1 cardiometcondbr_2006g2 cardiometcondbr_2006g3 zcesd_2006 were not provided. All covariates are fixed at their respective mean.
{res}{err}Warning: this analysis assumes a rare outcome.
Warning: fixed values for the covariates AGE2006 SEX NonWhite educationg1 educationg2 educationg3 educationg4 educationg5 totwealth_2006 marital_2006g1 marital_2006g2 marital_2006g3 marital_2006g4 smoking_2006g1 smoking_2006g2 smoking_2006g3 physic_act_2006g1 physic_act_2006g2 physic_act_2006g3 srh_2006g1 srh_2006g2 bmibr_2006g1 bmibr_2006g2 bmibr_2006g3 cardiometcondbr_2006g1 cardiometcondbr_2006g2 cardiometcondbr_2006g3 zcesd_2006 were not provided. All covariates are fixed at their respective mean.
{res}{err}Warning: this analysis assumes a rare outcome.
Warning: fixed values for the covariates AGE2006 SEX NonWhite educationg1 educationg2 educationg3 educationg4 educationg5 totwealth_2006 marital_2006g1 marital_2006g2 marital_2006g3 marital_2006g4 smoking_2006g1 smoking_2006g2 smoking_2006g3 physic_act_2006g1 physic_act_2006g2 physic_act_2006g3 srh_2006g1 srh_2006g2 bmibr_2006g1 bmibr_2006g2 bmibr_2006g3 cardiometcondbr_2006g1 cardiometcondbr_2006g2 cardiometcondbr_2006g3 zcesd_2006 were not provided. All covariates are fixed at their respective mean.
{res}
{txt}Multiple-imputation estimates{col 49}Imputations{col 67}= {res}         5
{txt}{col 49}Number of obs{col 67}= {res}     2,698
{txt}{col 49}Average RVI{col 67}= {res}    0.0002
{txt}{col 49}Largest FMI{col 67}= {res}    0.0004
{txt}DF adjustment:{ralign 15: {res:Large sample}}{col 49}DF:     min{col 67}= {res}  2.39e+07
{txt}{col 49}        avg{col 67}= {res}  2.95e+09
{txt}{col 49}        max{col 67}= {res}  1.42e+10

{txt}{hline 13}{c TT}{hline 11}{hline 11}{hline 9}{hline 8}{hline 13}{hline 12}
{col 14}{c |} Coefficient{col 26}  Std. err.{col 38}      t{col 46}   P>|t|{col 54}     [95% con{col 67}f. interval]
{hline 13}{c +}{hline 11}{hline 11}{hline 9}{hline 8}{hline 13}{hline 12}
{space 6}tereri {c |}{col 14}{res}{space 2} .4164165{col 26}{space 2} .0724578{col 37}{space 1}    5.75{col 46}{space 3}0.000{col 54}{space 4} .2744019{col 67}{space 3} .5584311
{txt}{space 3}ereri_cde {c |}{col 14}{res}{space 2} .3663741{col 26}{space 2} .0687888{col 37}{space 1}    5.33{col 46}{space 3}0.000{col 54}{space 4} .2315505{col 67}{space 3} .5011976
{txt}ereri_intref {c |}{col 14}{res}{space 2}   .03971{col 26}{space 2} .0151257{col 37}{space 1}    2.63{col 46}{space 3}0.009{col 54}{space 4} .0100643{col 67}{space 3} .0693558
{txt}ereri_intmed {c |}{col 14}{res}{space 2} .0080567{col 26}{space 2} .0066646{col 37}{space 1}    1.21{col 46}{space 3}0.227{col 54}{space 4}-.0050057{col 67}{space 3} .0211191
{txt}{space 3}ereri_pie {c |}{col 14}{res}{space 2} .0022757{col 26}{space 2} .0021029{col 37}{space 1}    1.08{col 46}{space 3}0.279{col 54}{space 4} -.001846{col 67}{space 3} .0063973
{txt}{hline 13}{c BT}{hline 11}{hline 11}{hline 9}{hline 8}{hline 13}{hline 12}
{res}{err}Warning: this analysis assumes a rare outcome.
Warning: fixed values for the covariates AGE2006 SEX NonWhite educationg1 educationg2 educationg3 educationg4 educationg5 totwealth_2006 marital_2006g1 marital_2006g2 marital_2006g3 marital_2006g4 smoking_2006g1 smoking_2006g2 smoking_2006g3 physic_act_2006g1 physic_act_2006g2 physic_act_2006g3 srh_2006g1 srh_2006g2 bmibr_2006g1 bmibr_2006g2 bmibr_2006g3 cardiometcondbr_2006g1 cardiometcondbr_2006g2 cardiometcondbr_2006g3 zcesd_2006 were not provided. All covariates are fixed at their respective mean.
{res}{err}Warning: this analysis assumes a rare outcome.
Warning: fixed values for the covariates AGE2006 SEX NonWhite educationg1 educationg2 educationg3 educationg4 educationg5 totwealth_2006 marital_2006g1 marital_2006g2 marital_2006g3 marital_2006g4 smoking_2006g1 smoking_2006g2 smoking_2006g3 physic_act_2006g1 physic_act_2006g2 physic_act_2006g3 srh_2006g1 srh_2006g2 bmibr_2006g1 bmibr_2006g2 bmibr_2006g3 cardiometcondbr_2006g1 cardiometcondbr_2006g2 cardiometcondbr_2006g3 zcesd_2006 were not provided. All covariates are fixed at their respective mean.
{res}{err}Warning: this analysis assumes a rare outcome.
Warning: fixed values for the covariates AGE2006 SEX NonWhite educationg1 educationg2 educationg3 educationg4 educationg5 totwealth_2006 marital_2006g1 marital_2006g2 marital_2006g3 marital_2006g4 smoking_2006g1 smoking_2006g2 smoking_2006g3 physic_act_2006g1 physic_act_2006g2 physic_act_2006g3 srh_2006g1 srh_2006g2 bmibr_2006g1 bmibr_2006g2 bmibr_2006g3 cardiometcondbr_2006g1 cardiometcondbr_2006g2 cardiometcondbr_2006g3 zcesd_2006 were not provided. All covariates are fixed at their respective mean.
{res}{err}Warning: this analysis assumes a rare outcome.
Warning: fixed values for the covariates AGE2006 SEX NonWhite educationg1 educationg2 educationg3 educationg4 educationg5 totwealth_2006 marital_2006g1 marital_2006g2 marital_2006g3 marital_2006g4 smoking_2006g1 smoking_2006g2 smoking_2006g3 physic_act_2006g1 physic_act_2006g2 physic_act_2006g3 srh_2006g1 srh_2006g2 bmibr_2006g1 bmibr_2006g2 bmibr_2006g3 cardiometcondbr_2006g1 cardiometcondbr_2006g2 cardiometcondbr_2006g3 zcesd_2006 were not provided. All covariates are fixed at their respective mean.
{res}{err}Warning: this analysis assumes a rare outcome.
Warning: fixed values for the covariates AGE2006 SEX NonWhite educationg1 educationg2 educationg3 educationg4 educationg5 totwealth_2006 marital_2006g1 marital_2006g2 marital_2006g3 marital_2006g4 smoking_2006g1 smoking_2006g2 smoking_2006g3 physic_act_2006g1 physic_act_2006g2 physic_act_2006g3 srh_2006g1 srh_2006g2 bmibr_2006g1 bmibr_2006g2 bmibr_2006g3 cardiometcondbr_2006g1 cardiometcondbr_2006g2 cardiometcondbr_2006g3 zcesd_2006 were not provided. All covariates are fixed at their respective mean.
{res}
{txt}Multiple-imputation estimates{col 49}Imputations{col 67}= {res}         5
{txt}{col 49}Number of obs{col 67}= {res}     2,698
{txt}{col 49}Average RVI{col 67}= {res}    0.0003
{txt}{col 49}Largest FMI{col 67}= {res}    0.0008
{txt}DF adjustment:{ralign 15: {res:Large sample}}{col 49}DF:     min{col 67}= {res}6214103.16
{txt}{col 49}        avg{col 67}= {res}  4.44e+08
{txt}{col 49}        max{col 67}= {res}  1.96e+09

{txt}{hline 13}{c TT}{hline 11}{hline 11}{hline 9}{hline 8}{hline 13}{hline 12}
{col 14}{c |} Coefficient{col 26}  Std. err.{col 38}      t{col 46}   P>|t|{col 54}     [95% con{col 67}f. interval]
{hline 13}{c +}{hline 11}{hline 11}{hline 9}{hline 8}{hline 13}{hline 12}
{space 6}tereri {c |}{col 14}{res}{space 2} .2695916{col 26}{space 2} .0475928{col 37}{space 1}    5.66{col 46}{space 3}0.000{col 54}{space 4} .1763114{col 67}{space 3} .3628718
{txt}{space 3}ereri_cde {c |}{col 14}{res}{space 2} .2409081{col 26}{space 2} .0463011{col 37}{space 1}    5.20{col 46}{space 3}0.000{col 54}{space 4} .1501595{col 67}{space 3} .3316566
{txt}ereri_intref {c |}{col 14}{res}{space 2} .0208089{col 26}{space 2} .0088543{col 37}{space 1}    2.35{col 46}{space 3}0.019{col 54}{space 4} .0034548{col 67}{space 3}  .038163
{txt}ereri_intmed {c |}{col 14}{res}{space 2}  .005339{col 26}{space 2} .0032771{col 37}{space 1}    1.63{col 46}{space 3}0.103{col 54}{space 4}-.0010839{col 67}{space 3} .0117619
{txt}{space 3}ereri_pie {c |}{col 14}{res}{space 2} .0025357{col 26}{space 2} .0018865{col 37}{space 1}    1.34{col 46}{space 3}0.179{col 54}{space 4}-.0011619{col 67}{space 3} .0062332
{txt}{hline 13}{c BT}{hline 11}{hline 11}{hline 9}{hline 8}{hline 13}{hline 12}
{res}{err}Warning: this analysis assumes a rare outcome.
Warning: fixed values for the covariates AGE2006 SEX NonWhite educationg1 educationg2 educationg3 educationg4 educationg5 totwealth_2006 marital_2006g1 marital_2006g2 marital_2006g3 marital_2006g4 smoking_2006g1 smoking_2006g2 smoking_2006g3 physic_act_2006g1 physic_act_2006g2 physic_act_2006g3 srh_2006g1 srh_2006g2 bmibr_2006g1 bmibr_2006g2 bmibr_2006g3 cardiometcondbr_2006g1 cardiometcondbr_2006g2 cardiometcondbr_2006g3 zcesd_2006 were not provided. All covariates are fixed at their respective mean.
{res}{err}Warning: this analysis assumes a rare outcome.
Warning: fixed values for the covariates AGE2006 SEX NonWhite educationg1 educationg2 educationg3 educationg4 educationg5 totwealth_2006 marital_2006g1 marital_2006g2 marital_2006g3 marital_2006g4 smoking_2006g1 smoking_2006g2 smoking_2006g3 physic_act_2006g1 physic_act_2006g2 physic_act_2006g3 srh_2006g1 srh_2006g2 bmibr_2006g1 bmibr_2006g2 bmibr_2006g3 cardiometcondbr_2006g1 cardiometcondbr_2006g2 cardiometcondbr_2006g3 zcesd_2006 were not provided. All covariates are fixed at their respective mean.
{res}{err}Warning: this analysis assumes a rare outcome.
Warning: fixed values for the covariates AGE2006 SEX NonWhite educationg1 educationg2 educationg3 educationg4 educationg5 totwealth_2006 marital_2006g1 marital_2006g2 marital_2006g3 marital_2006g4 smoking_2006g1 smoking_2006g2 smoking_2006g3 physic_act_2006g1 physic_act_2006g2 physic_act_2006g3 srh_2006g1 srh_2006g2 bmibr_2006g1 bmibr_2006g2 bmibr_2006g3 cardiometcondbr_2006g1 cardiometcondbr_2006g2 cardiometcondbr_2006g3 zcesd_2006 were not provided. All covariates are fixed at their respective mean.
{res}{err}Warning: this analysis assumes a rare outcome.
Warning: fixed values for the covariates AGE2006 SEX NonWhite educationg1 educationg2 educationg3 educationg4 educationg5 totwealth_2006 marital_2006g1 marital_2006g2 marital_2006g3 marital_2006g4 smoking_2006g1 smoking_2006g2 smoking_2006g3 physic_act_2006g1 physic_act_2006g2 physic_act_2006g3 srh_2006g1 srh_2006g2 bmibr_2006g1 bmibr_2006g2 bmibr_2006g3 cardiometcondbr_2006g1 cardiometcondbr_2006g2 cardiometcondbr_2006g3 zcesd_2006 were not provided. All covariates are fixed at their respective mean.
{res}{err}Warning: this analysis assumes a rare outcome.
Warning: fixed values for the covariates AGE2006 SEX NonWhite educationg1 educationg2 educationg3 educationg4 educationg5 totwealth_2006 marital_2006g1 marital_2006g2 marital_2006g3 marital_2006g4 smoking_2006g1 smoking_2006g2 smoking_2006g3 physic_act_2006g1 physic_act_2006g2 physic_act_2006g3 srh_2006g1 srh_2006g2 bmibr_2006g1 bmibr_2006g2 bmibr_2006g3 cardiometcondbr_2006g1 cardiometcondbr_2006g2 cardiometcondbr_2006g3 zcesd_2006 were not provided. All covariates are fixed at their respective mean.
{res}
{txt}Multiple-imputation estimates{col 49}Imputations{col 67}= {res}         5
{txt}{col 49}Number of obs{col 67}= {res}     2,698
{txt}{col 49}Average RVI{col 67}= {res}    0.0002
{txt}{col 49}Largest FMI{col 67}= {res}    0.0005
{txt}DF adjustment:{ralign 15: {res:Large sample}}{col 49}DF:     min{col 67}= {res}  1.76e+07
{txt}{col 49}        avg{col 67}= {res}  3.90e+08
{txt}{col 49}        max{col 67}= {res}  1.75e+09

{txt}{hline 13}{c TT}{hline 11}{hline 11}{hline 9}{hline 8}{hline 13}{hline 12}
{col 14}{c |} Coefficient{col 26}  Std. err.{col 38}      t{col 46}   P>|t|{col 54}     [95% con{col 67}f. interval]
{hline 13}{c +}{hline 11}{hline 11}{hline 9}{hline 8}{hline 13}{hline 12}
{space 6}tereri {c |}{col 14}{res}{space 2} .3520528{col 26}{space 2} .0514405{col 37}{space 1}    6.84{col 46}{space 3}0.000{col 54}{space 4} .2512312{col 67}{space 3} .4528743
{txt}{space 3}ereri_cde {c |}{col 14}{res}{space 2} .3215936{col 26}{space 2} .0500869{col 37}{space 1}    6.42{col 46}{space 3}0.000{col 54}{space 4} .2234251{col 67}{space 3} .4197622
{txt}ereri_intref {c |}{col 14}{res}{space 2} .0218936{col 26}{space 2} .0099902{col 37}{space 1}    2.19{col 46}{space 3}0.028{col 54}{space 4} .0023132{col 67}{space 3}  .041474
{txt}ereri_intmed {c |}{col 14}{res}{space 2} .0057126{col 26}{space 2}  .003571{col 37}{space 1}    1.60{col 46}{space 3}0.110{col 54}{space 4}-.0012865{col 67}{space 3} .0127117
{txt}{space 3}ereri_pie {c |}{col 14}{res}{space 2} .0028529{col 26}{space 2} .0020199{col 37}{space 1}    1.41{col 46}{space 3}0.158{col 54}{space 4}-.0011061{col 67}{space 3}  .006812
{txt}{hline 13}{c BT}{hline 11}{hline 11}{hline 9}{hline 8}{hline 13}{hline 12}
{res}{txt}
{com}. 
. 
. ***************SENSITIVITY ANALYSIS******************
. 
. foreach x of varlist zlnhurd_odds zlnexpert_odds zlnlasso_odds {c -(}
{txt}  2{com}. mi estimate, cmdok esampvaryok: med4way `x' zpoorsleepalt_2006  AGE2006 SEX NonWhite  educationg* totwealth_2006 marital_2006g* smoking_2006g* physic_act_2006g* srh_2006g* bmibr_2006g*  cardiometcondbr_2006g* zcesd_2006 if SEX==1 , a0(0) a1(1) m(0) yreg(cox) mreg(linear) 
{txt}  3{com}. {c )-}
{res}{err}Warning: this analysis assumes a rare outcome.
Warning: fixed values for the covariates AGE2006 SEX NonWhite educationg1 educationg2 educationg3 educationg4 educationg5 totwealth_2006 marital_2006g1 marital_2006g2 marital_2006g3 marital_2006g4 smoking_2006g1 smoking_2006g2 smoking_2006g3 physic_act_2006g1 physic_act_2006g2 physic_act_2006g3 srh_2006g1 srh_2006g2 bmibr_2006g1 bmibr_2006g2 bmibr_2006g3 cardiometcondbr_2006g1 cardiometcondbr_2006g2 cardiometcondbr_2006g3 zcesd_2006 were not provided. All covariates are fixed at their respective mean.
{res}{err}Warning: this analysis assumes a rare outcome.
Warning: fixed values for the covariates AGE2006 SEX NonWhite educationg1 educationg2 educationg3 educationg4 educationg5 totwealth_2006 marital_2006g1 marital_2006g2 marital_2006g3 marital_2006g4 smoking_2006g1 smoking_2006g2 smoking_2006g3 physic_act_2006g1 physic_act_2006g2 physic_act_2006g3 srh_2006g1 srh_2006g2 bmibr_2006g1 bmibr_2006g2 bmibr_2006g3 cardiometcondbr_2006g1 cardiometcondbr_2006g2 cardiometcondbr_2006g3 zcesd_2006 were not provided. All covariates are fixed at their respective mean.
{res}{err}Warning: this analysis assumes a rare outcome.
Warning: fixed values for the covariates AGE2006 SEX NonWhite educationg1 educationg2 educationg3 educationg4 educationg5 totwealth_2006 marital_2006g1 marital_2006g2 marital_2006g3 marital_2006g4 smoking_2006g1 smoking_2006g2 smoking_2006g3 physic_act_2006g1 physic_act_2006g2 physic_act_2006g3 srh_2006g1 srh_2006g2 bmibr_2006g1 bmibr_2006g2 bmibr_2006g3 cardiometcondbr_2006g1 cardiometcondbr_2006g2 cardiometcondbr_2006g3 zcesd_2006 were not provided. All covariates are fixed at their respective mean.
{res}{err}Warning: this analysis assumes a rare outcome.
Warning: fixed values for the covariates AGE2006 SEX NonWhite educationg1 educationg2 educationg3 educationg4 educationg5 totwealth_2006 marital_2006g1 marital_2006g2 marital_2006g3 marital_2006g4 smoking_2006g1 smoking_2006g2 smoking_2006g3 physic_act_2006g1 physic_act_2006g2 physic_act_2006g3 srh_2006g1 srh_2006g2 bmibr_2006g1 bmibr_2006g2 bmibr_2006g3 cardiometcondbr_2006g1 cardiometcondbr_2006g2 cardiometcondbr_2006g3 zcesd_2006 were not provided. All covariates are fixed at their respective mean.
{res}{err}Warning: this analysis assumes a rare outcome.
Warning: fixed values for the covariates AGE2006 SEX NonWhite educationg1 educationg2 educationg3 educationg4 educationg5 totwealth_2006 marital_2006g1 marital_2006g2 marital_2006g3 marital_2006g4 smoking_2006g1 smoking_2006g2 smoking_2006g3 physic_act_2006g1 physic_act_2006g2 physic_act_2006g3 srh_2006g1 srh_2006g2 bmibr_2006g1 bmibr_2006g2 bmibr_2006g3 cardiometcondbr_2006g1 cardiometcondbr_2006g2 cardiometcondbr_2006g3 zcesd_2006 were not provided. All covariates are fixed at their respective mean.
{res}
{txt}Multiple-imputation estimates{col 49}Imputations{col 67}= {res}         5
{txt}{col 49}Number of obs{col 67}= {res}     2,698
{txt}{col 49}Average RVI{col 67}= {res}    0.0002
{txt}{col 49}Largest FMI{col 67}= {res}    0.0004
{txt}DF adjustment:{ralign 15: {res:Large sample}}{col 49}DF:     min{col 67}= {res}  2.34e+07
{txt}{col 49}        avg{col 67}= {res}  7.16e+09
{txt}{col 49}        max{col 67}= {res}  3.52e+10

{txt}{hline 13}{c TT}{hline 11}{hline 11}{hline 9}{hline 8}{hline 13}{hline 12}
{col 14}{c |} Coefficient{col 26}  Std. err.{col 38}      t{col 46}   P>|t|{col 54}     [95% con{col 67}f. interval]
{hline 13}{c +}{hline 11}{hline 11}{hline 9}{hline 8}{hline 13}{hline 12}
{space 6}tereri {c |}{col 14}{res}{space 2} .4163938{col 26}{space 2} .0724495{col 37}{space 1}    5.75{col 46}{space 3}0.000{col 54}{space 4} .2743953{col 67}{space 3} .5583923
{txt}{space 3}ereri_cde {c |}{col 14}{res}{space 2} .3652305{col 26}{space 2} .0685961{col 37}{space 1}    5.32{col 46}{space 3}0.000{col 54}{space 4} .2307846{col 67}{space 3} .4996765
{txt}ereri_intref {c |}{col 14}{res}{space 2} .0400392{col 26}{space 2}  .015321{col 37}{space 1}    2.61{col 46}{space 3}0.009{col 54}{space 4} .0100107{col 67}{space 3} .0700677
{txt}ereri_intmed {c |}{col 14}{res}{space 2} .0085921{col 26}{space 2} .0069285{col 37}{space 1}    1.24{col 46}{space 3}0.215{col 54}{space 4}-.0049875{col 67}{space 3} .0221717
{txt}{space 3}ereri_pie {c |}{col 14}{res}{space 2}  .002532{col 26}{space 2} .0022419{col 37}{space 1}    1.13{col 46}{space 3}0.259{col 54}{space 4}-.0018622{col 67}{space 3} .0069261
{txt}{hline 13}{c BT}{hline 11}{hline 11}{hline 9}{hline 8}{hline 13}{hline 12}
{res}{err}Warning: this analysis assumes a rare outcome.
Warning: fixed values for the covariates AGE2006 SEX NonWhite educationg1 educationg2 educationg3 educationg4 educationg5 totwealth_2006 marital_2006g1 marital_2006g2 marital_2006g3 marital_2006g4 smoking_2006g1 smoking_2006g2 smoking_2006g3 physic_act_2006g1 physic_act_2006g2 physic_act_2006g3 srh_2006g1 srh_2006g2 bmibr_2006g1 bmibr_2006g2 bmibr_2006g3 cardiometcondbr_2006g1 cardiometcondbr_2006g2 cardiometcondbr_2006g3 zcesd_2006 were not provided. All covariates are fixed at their respective mean.
{res}{err}Warning: this analysis assumes a rare outcome.
Warning: fixed values for the covariates AGE2006 SEX NonWhite educationg1 educationg2 educationg3 educationg4 educationg5 totwealth_2006 marital_2006g1 marital_2006g2 marital_2006g3 marital_2006g4 smoking_2006g1 smoking_2006g2 smoking_2006g3 physic_act_2006g1 physic_act_2006g2 physic_act_2006g3 srh_2006g1 srh_2006g2 bmibr_2006g1 bmibr_2006g2 bmibr_2006g3 cardiometcondbr_2006g1 cardiometcondbr_2006g2 cardiometcondbr_2006g3 zcesd_2006 were not provided. All covariates are fixed at their respective mean.
{res}{err}Warning: this analysis assumes a rare outcome.
Warning: fixed values for the covariates AGE2006 SEX NonWhite educationg1 educationg2 educationg3 educationg4 educationg5 totwealth_2006 marital_2006g1 marital_2006g2 marital_2006g3 marital_2006g4 smoking_2006g1 smoking_2006g2 smoking_2006g3 physic_act_2006g1 physic_act_2006g2 physic_act_2006g3 srh_2006g1 srh_2006g2 bmibr_2006g1 bmibr_2006g2 bmibr_2006g3 cardiometcondbr_2006g1 cardiometcondbr_2006g2 cardiometcondbr_2006g3 zcesd_2006 were not provided. All covariates are fixed at their respective mean.
{res}{err}Warning: this analysis assumes a rare outcome.
Warning: fixed values for the covariates AGE2006 SEX NonWhite educationg1 educationg2 educationg3 educationg4 educationg5 totwealth_2006 marital_2006g1 marital_2006g2 marital_2006g3 marital_2006g4 smoking_2006g1 smoking_2006g2 smoking_2006g3 physic_act_2006g1 physic_act_2006g2 physic_act_2006g3 srh_2006g1 srh_2006g2 bmibr_2006g1 bmibr_2006g2 bmibr_2006g3 cardiometcondbr_2006g1 cardiometcondbr_2006g2 cardiometcondbr_2006g3 zcesd_2006 were not provided. All covariates are fixed at their respective mean.
{res}{err}Warning: this analysis assumes a rare outcome.
Warning: fixed values for the covariates AGE2006 SEX NonWhite educationg1 educationg2 educationg3 educationg4 educationg5 totwealth_2006 marital_2006g1 marital_2006g2 marital_2006g3 marital_2006g4 smoking_2006g1 smoking_2006g2 smoking_2006g3 physic_act_2006g1 physic_act_2006g2 physic_act_2006g3 srh_2006g1 srh_2006g2 bmibr_2006g1 bmibr_2006g2 bmibr_2006g3 cardiometcondbr_2006g1 cardiometcondbr_2006g2 cardiometcondbr_2006g3 zcesd_2006 were not provided. All covariates are fixed at their respective mean.
{res}
{txt}Multiple-imputation estimates{col 49}Imputations{col 67}= {res}         5
{txt}{col 49}Number of obs{col 67}= {res}     2,698
{txt}{col 49}Average RVI{col 67}= {res}    0.0003
{txt}{col 49}Largest FMI{col 67}= {res}    0.0008
{txt}DF adjustment:{ralign 15: {res:Large sample}}{col 49}DF:     min{col 67}= {res}5881032.39
{txt}{col 49}        avg{col 67}= {res}  7.82e+08
{txt}{col 49}        max{col 67}= {res}  3.65e+09

{txt}{hline 13}{c TT}{hline 11}{hline 11}{hline 9}{hline 8}{hline 13}{hline 12}
{col 14}{c |} Coefficient{col 26}  Std. err.{col 38}      t{col 46}   P>|t|{col 54}     [95% con{col 67}f. interval]
{hline 13}{c +}{hline 11}{hline 11}{hline 9}{hline 8}{hline 13}{hline 12}
{space 6}tereri {c |}{col 14}{res}{space 2} .2699946{col 26}{space 2}  .047615{col 37}{space 1}    5.67{col 46}{space 3}0.000{col 54}{space 4}  .176671{col 67}{space 3} .3633183
{txt}{space 3}ereri_cde {c |}{col 14}{res}{space 2}  .241748{col 26}{space 2} .0462393{col 37}{space 1}    5.23{col 46}{space 3}0.000{col 54}{space 4} .1511206{col 67}{space 3} .3323754
{txt}ereri_intref {c |}{col 14}{res}{space 2} .0210587{col 26}{space 2} .0088441{col 37}{space 1}    2.38{col 46}{space 3}0.017{col 54}{space 4} .0037246{col 67}{space 3} .0383927
{txt}ereri_intmed {c |}{col 14}{res}{space 2} .0048072{col 26}{space 2} .0032497{col 37}{space 1}    1.48{col 46}{space 3}0.139{col 54}{space 4}-.0015622{col 67}{space 3} .0111766
{txt}{space 3}ereri_pie {c |}{col 14}{res}{space 2} .0023808{col 26}{space 2} .0018317{col 37}{space 1}    1.30{col 46}{space 3}0.194{col 54}{space 4}-.0012092{col 67}{space 3} .0059708
{txt}{hline 13}{c BT}{hline 11}{hline 11}{hline 9}{hline 8}{hline 13}{hline 12}
{res}{err}Warning: this analysis assumes a rare outcome.
Warning: fixed values for the covariates AGE2006 SEX NonWhite educationg1 educationg2 educationg3 educationg4 educationg5 totwealth_2006 marital_2006g1 marital_2006g2 marital_2006g3 marital_2006g4 smoking_2006g1 smoking_2006g2 smoking_2006g3 physic_act_2006g1 physic_act_2006g2 physic_act_2006g3 srh_2006g1 srh_2006g2 bmibr_2006g1 bmibr_2006g2 bmibr_2006g3 cardiometcondbr_2006g1 cardiometcondbr_2006g2 cardiometcondbr_2006g3 zcesd_2006 were not provided. All covariates are fixed at their respective mean.
{res}{err}Warning: this analysis assumes a rare outcome.
Warning: fixed values for the covariates AGE2006 SEX NonWhite educationg1 educationg2 educationg3 educationg4 educationg5 totwealth_2006 marital_2006g1 marital_2006g2 marital_2006g3 marital_2006g4 smoking_2006g1 smoking_2006g2 smoking_2006g3 physic_act_2006g1 physic_act_2006g2 physic_act_2006g3 srh_2006g1 srh_2006g2 bmibr_2006g1 bmibr_2006g2 bmibr_2006g3 cardiometcondbr_2006g1 cardiometcondbr_2006g2 cardiometcondbr_2006g3 zcesd_2006 were not provided. All covariates are fixed at their respective mean.
{res}{err}Warning: this analysis assumes a rare outcome.
Warning: fixed values for the covariates AGE2006 SEX NonWhite educationg1 educationg2 educationg3 educationg4 educationg5 totwealth_2006 marital_2006g1 marital_2006g2 marital_2006g3 marital_2006g4 smoking_2006g1 smoking_2006g2 smoking_2006g3 physic_act_2006g1 physic_act_2006g2 physic_act_2006g3 srh_2006g1 srh_2006g2 bmibr_2006g1 bmibr_2006g2 bmibr_2006g3 cardiometcondbr_2006g1 cardiometcondbr_2006g2 cardiometcondbr_2006g3 zcesd_2006 were not provided. All covariates are fixed at their respective mean.
{res}{err}Warning: this analysis assumes a rare outcome.
Warning: fixed values for the covariates AGE2006 SEX NonWhite educationg1 educationg2 educationg3 educationg4 educationg5 totwealth_2006 marital_2006g1 marital_2006g2 marital_2006g3 marital_2006g4 smoking_2006g1 smoking_2006g2 smoking_2006g3 physic_act_2006g1 physic_act_2006g2 physic_act_2006g3 srh_2006g1 srh_2006g2 bmibr_2006g1 bmibr_2006g2 bmibr_2006g3 cardiometcondbr_2006g1 cardiometcondbr_2006g2 cardiometcondbr_2006g3 zcesd_2006 were not provided. All covariates are fixed at their respective mean.
{res}{err}Warning: this analysis assumes a rare outcome.
Warning: fixed values for the covariates AGE2006 SEX NonWhite educationg1 educationg2 educationg3 educationg4 educationg5 totwealth_2006 marital_2006g1 marital_2006g2 marital_2006g3 marital_2006g4 smoking_2006g1 smoking_2006g2 smoking_2006g3 physic_act_2006g1 physic_act_2006g2 physic_act_2006g3 srh_2006g1 srh_2006g2 bmibr_2006g1 bmibr_2006g2 bmibr_2006g3 cardiometcondbr_2006g1 cardiometcondbr_2006g2 cardiometcondbr_2006g3 zcesd_2006 were not provided. All covariates are fixed at their respective mean.
{res}
{txt}Multiple-imputation estimates{col 49}Imputations{col 67}= {res}         5
{txt}{col 49}Number of obs{col 67}= {res}     2,698
{txt}{col 49}Average RVI{col 67}= {res}    0.0002
{txt}{col 49}Largest FMI{col 67}= {res}    0.0005
{txt}DF adjustment:{ralign 15: {res:Large sample}}{col 49}DF:     min{col 67}= {res}  1.78e+07
{txt}{col 49}        avg{col 67}= {res}  8.23e+08
{txt}{col 49}        max{col 67}= {res}  3.90e+09

{txt}{hline 13}{c TT}{hline 11}{hline 11}{hline 9}{hline 8}{hline 13}{hline 12}
{col 14}{c |} Coefficient{col 26}  Std. err.{col 38}      t{col 46}   P>|t|{col 54}     [95% con{col 67}f. interval]
{hline 13}{c +}{hline 11}{hline 11}{hline 9}{hline 8}{hline 13}{hline 12}
{space 6}tereri {c |}{col 14}{res}{space 2} .3508348{col 26}{space 2} .0513407{col 37}{space 1}    6.83{col 46}{space 3}0.000{col 54}{space 4} .2502088{col 67}{space 3} .4514608
{txt}{space 3}ereri_cde {c |}{col 14}{res}{space 2} .3206145{col 26}{space 2} .0500176{col 37}{space 1}    6.41{col 46}{space 3}0.000{col 54}{space 4} .2225818{col 67}{space 3} .4186472
{txt}ereri_intref {c |}{col 14}{res}{space 2} .0217371{col 26}{space 2}  .010039{col 37}{space 1}    2.17{col 46}{space 3}0.030{col 54}{space 4} .0020611{col 67}{space 3} .0414131
{txt}ereri_intmed {c |}{col 14}{res}{space 2}  .005549{col 26}{space 2}  .003598{col 37}{space 1}    1.54{col 46}{space 3}0.123{col 54}{space 4} -.001503{col 67}{space 3} .0126011
{txt}{space 3}ereri_pie {c |}{col 14}{res}{space 2} .0029342{col 26}{space 2} .0020567{col 37}{space 1}    1.43{col 46}{space 3}0.154{col 54}{space 4} -.001097{col 67}{space 3} .0069653
{txt}{hline 13}{c BT}{hline 11}{hline 11}{hline 9}{hline 8}{hline 13}{hline 12}
{res}{txt}
{com}. 
. 
. 
. *****************************WOMEN*******************************
. capture drop zpoorsleep_2006 
{txt}
{com}. capture drop zpoorsleepalt_2006
{txt}
{com}. capture drop zlnhurd_odds 
{txt}
{com}. capture drop zlnexpert_odds 
{txt}
{com}. capture drop zlnlasso_odds
{txt}
{com}. foreach x of varlist poorsleep_2006 poorsleepalt_2006 lnhurd_odds lnexpert_odds lnlasso_odds {c -(}
{txt}  2{com}.         mi passive: egen z`x'=std(`x') if sample_final==1
{txt}  3{com}. {c )-}
{res}{txt}{p}
(passive variables
{res}zpoorsleep_2006 zpoorsleepalt_2006 zlnhurd_odds zlnexpert_odds zlnlasso_odds
{txt}unregistered because not in {it:m}=0)
{p_end}
{it:m}=0:
(36,570 missing values generated)
{it:m}=1:
(36,570 missing values generated)
{it:m}=2:
(36,570 missing values generated)
{it:m}=3:
(36,570 missing values generated)
{it:m}=4:
(36,570 missing values generated)
{it:m}=5:
(36,570 missing values generated)
{res}{txt}{it:m}=0:
(36,570 missing values generated)
{it:m}=1:
(36,570 missing values generated)
{it:m}=2:
(36,570 missing values generated)
{it:m}=3:
(36,570 missing values generated)
{it:m}=4:
(36,570 missing values generated)
{it:m}=5:
(36,570 missing values generated)
{res}{txt}{it:m}=0:
(36,570 missing values generated)
{it:m}=1:
(36,570 missing values generated)
{it:m}=2:
(36,570 missing values generated)
{it:m}=3:
(36,570 missing values generated)
{it:m}=4:
(36,570 missing values generated)
{it:m}=5:
(36,570 missing values generated)
{res}{txt}{it:m}=0:
(36,570 missing values generated)
{it:m}=1:
(36,570 missing values generated)
{it:m}=2:
(36,570 missing values generated)
{it:m}=3:
(36,570 missing values generated)
{it:m}=4:
(36,570 missing values generated)
{it:m}=5:
(36,570 missing values generated)
{res}{txt}{it:m}=0:
(36,570 missing values generated)
{it:m}=1:
(36,570 missing values generated)
{it:m}=2:
(36,570 missing values generated)
{it:m}=3:
(36,570 missing values generated)
{it:m}=4:
(36,570 missing values generated)
{it:m}=5:
(36,570 missing values generated)

{com}. 
. save, replace
{txt}{p 0 4 2}
(file {bf}
C:\Users\baydounm\AppData\Local\Temp\ST_6434_000002.tmp{rm}
not found)
{p_end}
{p 0 4 2}
file {bf}
C:\Users\baydounm\AppData\Local\Temp\ST_6434_000002.tmp{rm}
saved
as .dta format
{p_end}

{com}. 
. 
. 
. 
. foreach x of varlist zlnhurd_odds zlnexpert_odds zlnlasso_odds {c -(}
{txt}  2{com}. mi estimate, cmdok esampvaryok: med4way `x' zpoorsleep_2006  AGE2006 SEX NonWhite  educationg* totwealth_2006 marital_2006g* smoking_2006g* physic_act_2006g* srh_2006g* bmibr_2006g*  cardiometcondbr_2006g* zcesd_2006 if SEX==2 , a0(0) a1(1) m(0) yreg(cox) mreg(linear) 
{txt}  3{com}. {c )-}
{res}{err}Warning: this analysis assumes a rare outcome.
Warning: fixed values for the covariates AGE2006 SEX NonWhite educationg1 educationg2 educationg3 educationg4 educationg5 totwealth_2006 marital_2006g1 marital_2006g2 marital_2006g3 marital_2006g4 smoking_2006g1 smoking_2006g2 smoking_2006g3 physic_act_2006g1 physic_act_2006g2 physic_act_2006g3 srh_2006g1 srh_2006g2 bmibr_2006g1 bmibr_2006g2 bmibr_2006g3 cardiometcondbr_2006g1 cardiometcondbr_2006g2 cardiometcondbr_2006g3 zcesd_2006 were not provided. All covariates are fixed at their respective mean.
{res}{err}Warning: this analysis assumes a rare outcome.
Warning: fixed values for the covariates AGE2006 SEX NonWhite educationg1 educationg2 educationg3 educationg4 educationg5 totwealth_2006 marital_2006g1 marital_2006g2 marital_2006g3 marital_2006g4 smoking_2006g1 smoking_2006g2 smoking_2006g3 physic_act_2006g1 physic_act_2006g2 physic_act_2006g3 srh_2006g1 srh_2006g2 bmibr_2006g1 bmibr_2006g2 bmibr_2006g3 cardiometcondbr_2006g1 cardiometcondbr_2006g2 cardiometcondbr_2006g3 zcesd_2006 were not provided. All covariates are fixed at their respective mean.
{res}{err}Warning: this analysis assumes a rare outcome.
Warning: fixed values for the covariates AGE2006 SEX NonWhite educationg1 educationg2 educationg3 educationg4 educationg5 totwealth_2006 marital_2006g1 marital_2006g2 marital_2006g3 marital_2006g4 smoking_2006g1 smoking_2006g2 smoking_2006g3 physic_act_2006g1 physic_act_2006g2 physic_act_2006g3 srh_2006g1 srh_2006g2 bmibr_2006g1 bmibr_2006g2 bmibr_2006g3 cardiometcondbr_2006g1 cardiometcondbr_2006g2 cardiometcondbr_2006g3 zcesd_2006 were not provided. All covariates are fixed at their respective mean.
{res}{err}Warning: this analysis assumes a rare outcome.
Warning: fixed values for the covariates AGE2006 SEX NonWhite educationg1 educationg2 educationg3 educationg4 educationg5 totwealth_2006 marital_2006g1 marital_2006g2 marital_2006g3 marital_2006g4 smoking_2006g1 smoking_2006g2 smoking_2006g3 physic_act_2006g1 physic_act_2006g2 physic_act_2006g3 srh_2006g1 srh_2006g2 bmibr_2006g1 bmibr_2006g2 bmibr_2006g3 cardiometcondbr_2006g1 cardiometcondbr_2006g2 cardiometcondbr_2006g3 zcesd_2006 were not provided. All covariates are fixed at their respective mean.
{res}{err}Warning: this analysis assumes a rare outcome.
Warning: fixed values for the covariates AGE2006 SEX NonWhite educationg1 educationg2 educationg3 educationg4 educationg5 totwealth_2006 marital_2006g1 marital_2006g2 marital_2006g3 marital_2006g4 smoking_2006g1 smoking_2006g2 smoking_2006g3 physic_act_2006g1 physic_act_2006g2 physic_act_2006g3 srh_2006g1 srh_2006g2 bmibr_2006g1 bmibr_2006g2 bmibr_2006g3 cardiometcondbr_2006g1 cardiometcondbr_2006g2 cardiometcondbr_2006g3 zcesd_2006 were not provided. All covariates are fixed at their respective mean.
{res}
{txt}Multiple-imputation estimates{col 49}Imputations{col 67}= {res}         5
{txt}{col 49}Number of obs{col 67}= {res}     3,812
{txt}{col 49}Average RVI{col 67}= {res}    0.0000
{txt}{col 49}Largest FMI{col 67}= {res}    0.0001
{txt}DF adjustment:{ralign 15: {res:Large sample}}{col 49}DF:     min{col 67}= {res}  3.28e+08
{txt}{col 49}        avg{col 67}= {res}  1.62e+09
{txt}{col 49}        max{col 67}= {res}  2.90e+09

{txt}{hline 13}{c TT}{hline 11}{hline 11}{hline 9}{hline 8}{hline 13}{hline 12}
{col 14}{c |} Coefficient{col 26}  Std. err.{col 38}      t{col 46}   P>|t|{col 54}     [95% con{col 67}f. interval]
{hline 13}{c +}{hline 11}{hline 11}{hline 9}{hline 8}{hline 13}{hline 12}
{space 6}tereri {c |}{col 14}{res}{space 2} .5690946{col 26}{space 2} .0635896{col 37}{space 1}    8.95{col 46}{space 3}0.000{col 54}{space 4} .4444613{col 67}{space 3} .6937279
{txt}{space 3}ereri_cde {c |}{col 14}{res}{space 2} .5423194{col 26}{space 2} .0618847{col 37}{space 1}    8.76{col 46}{space 3}0.000{col 54}{space 4} .4210276{col 67}{space 3} .6636112
{txt}ereri_intref {c |}{col 14}{res}{space 2}-.0007545{col 26}{space 2} .0051422{col 37}{space 1}   -0.15{col 46}{space 3}0.883{col 54}{space 4}-.0108331{col 67}{space 3} .0093241
{txt}ereri_intmed {c |}{col 14}{res}{space 2} .0208004{col 26}{space 2} .0075418{col 37}{space 1}    2.76{col 46}{space 3}0.006{col 54}{space 4} .0060187{col 67}{space 3} .0355821
{txt}{space 3}ereri_pie {c |}{col 14}{res}{space 2} .0067293{col 26}{space 2} .0028207{col 37}{space 1}    2.39{col 46}{space 3}0.017{col 54}{space 4} .0012008{col 67}{space 3} .0122577
{txt}{hline 13}{c BT}{hline 11}{hline 11}{hline 9}{hline 8}{hline 13}{hline 12}
{res}{err}Warning: this analysis assumes a rare outcome.
Warning: fixed values for the covariates AGE2006 SEX NonWhite educationg1 educationg2 educationg3 educationg4 educationg5 totwealth_2006 marital_2006g1 marital_2006g2 marital_2006g3 marital_2006g4 smoking_2006g1 smoking_2006g2 smoking_2006g3 physic_act_2006g1 physic_act_2006g2 physic_act_2006g3 srh_2006g1 srh_2006g2 bmibr_2006g1 bmibr_2006g2 bmibr_2006g3 cardiometcondbr_2006g1 cardiometcondbr_2006g2 cardiometcondbr_2006g3 zcesd_2006 were not provided. All covariates are fixed at their respective mean.
{res}{err}Warning: this analysis assumes a rare outcome.
Warning: fixed values for the covariates AGE2006 SEX NonWhite educationg1 educationg2 educationg3 educationg4 educationg5 totwealth_2006 marital_2006g1 marital_2006g2 marital_2006g3 marital_2006g4 smoking_2006g1 smoking_2006g2 smoking_2006g3 physic_act_2006g1 physic_act_2006g2 physic_act_2006g3 srh_2006g1 srh_2006g2 bmibr_2006g1 bmibr_2006g2 bmibr_2006g3 cardiometcondbr_2006g1 cardiometcondbr_2006g2 cardiometcondbr_2006g3 zcesd_2006 were not provided. All covariates are fixed at their respective mean.
{res}{err}Warning: this analysis assumes a rare outcome.
Warning: fixed values for the covariates AGE2006 SEX NonWhite educationg1 educationg2 educationg3 educationg4 educationg5 totwealth_2006 marital_2006g1 marital_2006g2 marital_2006g3 marital_2006g4 smoking_2006g1 smoking_2006g2 smoking_2006g3 physic_act_2006g1 physic_act_2006g2 physic_act_2006g3 srh_2006g1 srh_2006g2 bmibr_2006g1 bmibr_2006g2 bmibr_2006g3 cardiometcondbr_2006g1 cardiometcondbr_2006g2 cardiometcondbr_2006g3 zcesd_2006 were not provided. All covariates are fixed at their respective mean.
{res}{err}Warning: this analysis assumes a rare outcome.
Warning: fixed values for the covariates AGE2006 SEX NonWhite educationg1 educationg2 educationg3 educationg4 educationg5 totwealth_2006 marital_2006g1 marital_2006g2 marital_2006g3 marital_2006g4 smoking_2006g1 smoking_2006g2 smoking_2006g3 physic_act_2006g1 physic_act_2006g2 physic_act_2006g3 srh_2006g1 srh_2006g2 bmibr_2006g1 bmibr_2006g2 bmibr_2006g3 cardiometcondbr_2006g1 cardiometcondbr_2006g2 cardiometcondbr_2006g3 zcesd_2006 were not provided. All covariates are fixed at their respective mean.
{res}{err}Warning: this analysis assumes a rare outcome.
Warning: fixed values for the covariates AGE2006 SEX NonWhite educationg1 educationg2 educationg3 educationg4 educationg5 totwealth_2006 marital_2006g1 marital_2006g2 marital_2006g3 marital_2006g4 smoking_2006g1 smoking_2006g2 smoking_2006g3 physic_act_2006g1 physic_act_2006g2 physic_act_2006g3 srh_2006g1 srh_2006g2 bmibr_2006g1 bmibr_2006g2 bmibr_2006g3 cardiometcondbr_2006g1 cardiometcondbr_2006g2 cardiometcondbr_2006g3 zcesd_2006 were not provided. All covariates are fixed at their respective mean.
{res}
{txt}Multiple-imputation estimates{col 49}Imputations{col 67}= {res}         5
{txt}{col 49}Number of obs{col 67}= {res}     3,812
{txt}{col 49}Average RVI{col 67}= {res}    0.0000
{txt}{col 49}Largest FMI{col 67}= {res}    0.0000
{txt}DF adjustment:{ralign 15: {res:Large sample}}{col 49}DF:     min{col 67}= {res}  1.67e+09
{txt}{col 49}        avg{col 67}= {res}  5.98e+09
{txt}{col 49}        max{col 67}= {res}  2.05e+10

{txt}{hline 13}{c TT}{hline 11}{hline 11}{hline 9}{hline 8}{hline 13}{hline 12}
{col 14}{c |} Coefficient{col 26}  Std. err.{col 38}      t{col 46}   P>|t|{col 54}     [95% con{col 67}f. interval]
{hline 13}{c +}{hline 11}{hline 11}{hline 9}{hline 8}{hline 13}{hline 12}
{space 6}tereri {c |}{col 14}{res}{space 2} .4612899{col 26}{space 2} .0432456{col 37}{space 1}   10.67{col 46}{space 3}0.000{col 54}{space 4}   .37653{col 67}{space 3} .5460498
{txt}{space 3}ereri_cde {c |}{col 14}{res}{space 2} .4458882{col 26}{space 2} .0424209{col 37}{space 1}   10.51{col 46}{space 3}0.000{col 54}{space 4} .3627448{col 67}{space 3} .5290316
{txt}ereri_intref {c |}{col 14}{res}{space 2}-.0031992{col 26}{space 2} .0033987{col 37}{space 1}   -0.94{col 46}{space 3}0.347{col 54}{space 4}-.0098605{col 67}{space 3} .0034622
{txt}ereri_intmed {c |}{col 14}{res}{space 2} .0133793{col 26}{space 2} .0044008{col 37}{space 1}    3.04{col 46}{space 3}0.002{col 54}{space 4} .0047539{col 67}{space 3} .0220046
{txt}{space 3}ereri_pie {c |}{col 14}{res}{space 2} .0052216{col 26}{space 2} .0022254{col 37}{space 1}    2.35{col 46}{space 3}0.019{col 54}{space 4} .0008599{col 67}{space 3} .0095832
{txt}{hline 13}{c BT}{hline 11}{hline 11}{hline 9}{hline 8}{hline 13}{hline 12}
{res}{err}Warning: this analysis assumes a rare outcome.
Warning: fixed values for the covariates AGE2006 SEX NonWhite educationg1 educationg2 educationg3 educationg4 educationg5 totwealth_2006 marital_2006g1 marital_2006g2 marital_2006g3 marital_2006g4 smoking_2006g1 smoking_2006g2 smoking_2006g3 physic_act_2006g1 physic_act_2006g2 physic_act_2006g3 srh_2006g1 srh_2006g2 bmibr_2006g1 bmibr_2006g2 bmibr_2006g3 cardiometcondbr_2006g1 cardiometcondbr_2006g2 cardiometcondbr_2006g3 zcesd_2006 were not provided. All covariates are fixed at their respective mean.
{res}{err}Warning: this analysis assumes a rare outcome.
Warning: fixed values for the covariates AGE2006 SEX NonWhite educationg1 educationg2 educationg3 educationg4 educationg5 totwealth_2006 marital_2006g1 marital_2006g2 marital_2006g3 marital_2006g4 smoking_2006g1 smoking_2006g2 smoking_2006g3 physic_act_2006g1 physic_act_2006g2 physic_act_2006g3 srh_2006g1 srh_2006g2 bmibr_2006g1 bmibr_2006g2 bmibr_2006g3 cardiometcondbr_2006g1 cardiometcondbr_2006g2 cardiometcondbr_2006g3 zcesd_2006 were not provided. All covariates are fixed at their respective mean.
{res}{err}Warning: this analysis assumes a rare outcome.
Warning: fixed values for the covariates AGE2006 SEX NonWhite educationg1 educationg2 educationg3 educationg4 educationg5 totwealth_2006 marital_2006g1 marital_2006g2 marital_2006g3 marital_2006g4 smoking_2006g1 smoking_2006g2 smoking_2006g3 physic_act_2006g1 physic_act_2006g2 physic_act_2006g3 srh_2006g1 srh_2006g2 bmibr_2006g1 bmibr_2006g2 bmibr_2006g3 cardiometcondbr_2006g1 cardiometcondbr_2006g2 cardiometcondbr_2006g3 zcesd_2006 were not provided. All covariates are fixed at their respective mean.
{res}{err}Warning: this analysis assumes a rare outcome.
Warning: fixed values for the covariates AGE2006 SEX NonWhite educationg1 educationg2 educationg3 educationg4 educationg5 totwealth_2006 marital_2006g1 marital_2006g2 marital_2006g3 marital_2006g4 smoking_2006g1 smoking_2006g2 smoking_2006g3 physic_act_2006g1 physic_act_2006g2 physic_act_2006g3 srh_2006g1 srh_2006g2 bmibr_2006g1 bmibr_2006g2 bmibr_2006g3 cardiometcondbr_2006g1 cardiometcondbr_2006g2 cardiometcondbr_2006g3 zcesd_2006 were not provided. All covariates are fixed at their respective mean.
{res}{err}Warning: this analysis assumes a rare outcome.
Warning: fixed values for the covariates AGE2006 SEX NonWhite educationg1 educationg2 educationg3 educationg4 educationg5 totwealth_2006 marital_2006g1 marital_2006g2 marital_2006g3 marital_2006g4 smoking_2006g1 smoking_2006g2 smoking_2006g3 physic_act_2006g1 physic_act_2006g2 physic_act_2006g3 srh_2006g1 srh_2006g2 bmibr_2006g1 bmibr_2006g2 bmibr_2006g3 cardiometcondbr_2006g1 cardiometcondbr_2006g2 cardiometcondbr_2006g3 zcesd_2006 were not provided. All covariates are fixed at their respective mean.
{res}
{txt}Multiple-imputation estimates{col 49}Imputations{col 67}= {res}         5
{txt}{col 49}Number of obs{col 67}= {res}     3,812
{txt}{col 49}Average RVI{col 67}= {res}    0.0000
{txt}{col 49}Largest FMI{col 67}= {res}    0.0000
{txt}DF adjustment:{ralign 15: {res:Large sample}}{col 49}DF:     min{col 67}= {res}  2.71e+09
{txt}{col 49}        avg{col 67}= {res}  5.36e+09
{txt}{col 49}        max{col 67}= {res}  1.42e+10

{txt}{hline 13}{c TT}{hline 11}{hline 11}{hline 9}{hline 8}{hline 13}{hline 12}
{col 14}{c |} Coefficient{col 26}  Std. err.{col 38}      t{col 46}   P>|t|{col 54}     [95% con{col 67}f. interval]
{hline 13}{c +}{hline 11}{hline 11}{hline 9}{hline 8}{hline 13}{hline 12}
{space 6}tereri {c |}{col 14}{res}{space 2} .5134917{col 26}{space 2}  .046634{col 37}{space 1}   11.01{col 46}{space 3}0.000{col 54}{space 4} .4220906{col 67}{space 3} .6048927
{txt}{space 3}ereri_cde {c |}{col 14}{res}{space 2}  .493091{col 26}{space 2} .0458615{col 37}{space 1}   10.75{col 46}{space 3}0.000{col 54}{space 4} .4032042{col 67}{space 3} .5829779
{txt}ereri_intref {c |}{col 14}{res}{space 2}-.0038566{col 26}{space 2} .0035737{col 37}{space 1}   -1.08{col 46}{space 3}0.281{col 54}{space 4}-.0108608{col 67}{space 3} .0031477
{txt}ereri_intmed {c |}{col 14}{res}{space 2} .0180633{col 26}{space 2}  .005351{col 37}{space 1}    3.38{col 46}{space 3}0.001{col 54}{space 4} .0075756{col 67}{space 3}  .028551
{txt}{space 3}ereri_pie {c |}{col 14}{res}{space 2} .0061939{col 26}{space 2} .0025968{col 37}{space 1}    2.39{col 46}{space 3}0.017{col 54}{space 4} .0011043{col 67}{space 3} .0112834
{txt}{hline 13}{c BT}{hline 11}{hline 11}{hline 9}{hline 8}{hline 13}{hline 12}
{res}{txt}
{com}. 
. 
. ***************SENSITIVITY ANALYSIS******************
. 
. foreach x of varlist zlnhurd_odds zlnexpert_odds zlnlasso_odds {c -(}
{txt}  2{com}. mi estimate, cmdok esampvaryok: med4way `x' zpoorsleepalt_2006  AGE2006 SEX NonWhite  educationg* totwealth_2006 marital_2006g* smoking_2006g* physic_act_2006g* srh_2006g* bmibr_2006g*  cardiometcondbr_2006g* zcesd_2006 if SEX==2 , a0(0) a1(1) m(0) yreg(cox) mreg(linear) 
{txt}  3{com}. {c )-}
{res}{err}Warning: this analysis assumes a rare outcome.
Warning: fixed values for the covariates AGE2006 SEX NonWhite educationg1 educationg2 educationg3 educationg4 educationg5 totwealth_2006 marital_2006g1 marital_2006g2 marital_2006g3 marital_2006g4 smoking_2006g1 smoking_2006g2 smoking_2006g3 physic_act_2006g1 physic_act_2006g2 physic_act_2006g3 srh_2006g1 srh_2006g2 bmibr_2006g1 bmibr_2006g2 bmibr_2006g3 cardiometcondbr_2006g1 cardiometcondbr_2006g2 cardiometcondbr_2006g3 zcesd_2006 were not provided. All covariates are fixed at their respective mean.
{res}{err}Warning: this analysis assumes a rare outcome.
Warning: fixed values for the covariates AGE2006 SEX NonWhite educationg1 educationg2 educationg3 educationg4 educationg5 totwealth_2006 marital_2006g1 marital_2006g2 marital_2006g3 marital_2006g4 smoking_2006g1 smoking_2006g2 smoking_2006g3 physic_act_2006g1 physic_act_2006g2 physic_act_2006g3 srh_2006g1 srh_2006g2 bmibr_2006g1 bmibr_2006g2 bmibr_2006g3 cardiometcondbr_2006g1 cardiometcondbr_2006g2 cardiometcondbr_2006g3 zcesd_2006 were not provided. All covariates are fixed at their respective mean.
{res}{err}Warning: this analysis assumes a rare outcome.
Warning: fixed values for the covariates AGE2006 SEX NonWhite educationg1 educationg2 educationg3 educationg4 educationg5 totwealth_2006 marital_2006g1 marital_2006g2 marital_2006g3 marital_2006g4 smoking_2006g1 smoking_2006g2 smoking_2006g3 physic_act_2006g1 physic_act_2006g2 physic_act_2006g3 srh_2006g1 srh_2006g2 bmibr_2006g1 bmibr_2006g2 bmibr_2006g3 cardiometcondbr_2006g1 cardiometcondbr_2006g2 cardiometcondbr_2006g3 zcesd_2006 were not provided. All covariates are fixed at their respective mean.
{res}{err}Warning: this analysis assumes a rare outcome.
Warning: fixed values for the covariates AGE2006 SEX NonWhite educationg1 educationg2 educationg3 educationg4 educationg5 totwealth_2006 marital_2006g1 marital_2006g2 marital_2006g3 marital_2006g4 smoking_2006g1 smoking_2006g2 smoking_2006g3 physic_act_2006g1 physic_act_2006g2 physic_act_2006g3 srh_2006g1 srh_2006g2 bmibr_2006g1 bmibr_2006g2 bmibr_2006g3 cardiometcondbr_2006g1 cardiometcondbr_2006g2 cardiometcondbr_2006g3 zcesd_2006 were not provided. All covariates are fixed at their respective mean.
{res}{err}Warning: this analysis assumes a rare outcome.
Warning: fixed values for the covariates AGE2006 SEX NonWhite educationg1 educationg2 educationg3 educationg4 educationg5 totwealth_2006 marital_2006g1 marital_2006g2 marital_2006g3 marital_2006g4 smoking_2006g1 smoking_2006g2 smoking_2006g3 physic_act_2006g1 physic_act_2006g2 physic_act_2006g3 srh_2006g1 srh_2006g2 bmibr_2006g1 bmibr_2006g2 bmibr_2006g3 cardiometcondbr_2006g1 cardiometcondbr_2006g2 cardiometcondbr_2006g3 zcesd_2006 were not provided. All covariates are fixed at their respective mean.
{res}
{txt}Multiple-imputation estimates{col 49}Imputations{col 67}= {res}         5
{txt}{col 49}Number of obs{col 67}= {res}     3,812
{txt}{col 49}Average RVI{col 67}= {res}    0.0000
{txt}{col 49}Largest FMI{col 67}= {res}    0.0001
{txt}DF adjustment:{ralign 15: {res:Large sample}}{col 49}DF:     min{col 67}= {res}  3.09e+08
{txt}{col 49}        avg{col 67}= {res}  1.42e+09
{txt}{col 49}        max{col 67}= {res}  2.77e+09

{txt}{hline 13}{c TT}{hline 11}{hline 11}{hline 9}{hline 8}{hline 13}{hline 12}
{col 14}{c |} Coefficient{col 26}  Std. err.{col 38}      t{col 46}   P>|t|{col 54}     [95% con{col 67}f. interval]
{hline 13}{c +}{hline 11}{hline 11}{hline 9}{hline 8}{hline 13}{hline 12}
{space 6}tereri {c |}{col 14}{res}{space 2}  .569994{col 26}{space 2} .0636598{col 37}{space 1}    8.95{col 46}{space 3}0.000{col 54}{space 4}  .445223{col 67}{space 3}  .694765
{txt}{space 3}ereri_cde {c |}{col 14}{res}{space 2} .5371311{col 26}{space 2} .0616363{col 37}{space 1}    8.71{col 46}{space 3}0.000{col 54}{space 4} .4163262{col 67}{space 3}  .657936
{txt}ereri_intref {c |}{col 14}{res}{space 2} .0016369{col 26}{space 2}   .00547{col 37}{space 1}    0.30{col 46}{space 3}0.765{col 54}{space 4} -.009084{col 67}{space 3} .0123579
{txt}ereri_intmed {c |}{col 14}{res}{space 2} .0229844{col 26}{space 2} .0078648{col 37}{space 1}    2.92{col 46}{space 3}0.003{col 54}{space 4} .0075697{col 67}{space 3} .0383991
{txt}{space 3}ereri_pie {c |}{col 14}{res}{space 2} .0082415{col 26}{space 2}   .00313{col 37}{space 1}    2.63{col 46}{space 3}0.008{col 54}{space 4} .0021068{col 67}{space 3} .0143762
{txt}{hline 13}{c BT}{hline 11}{hline 11}{hline 9}{hline 8}{hline 13}{hline 12}
{res}{err}Warning: this analysis assumes a rare outcome.
Warning: fixed values for the covariates AGE2006 SEX NonWhite educationg1 educationg2 educationg3 educationg4 educationg5 totwealth_2006 marital_2006g1 marital_2006g2 marital_2006g3 marital_2006g4 smoking_2006g1 smoking_2006g2 smoking_2006g3 physic_act_2006g1 physic_act_2006g2 physic_act_2006g3 srh_2006g1 srh_2006g2 bmibr_2006g1 bmibr_2006g2 bmibr_2006g3 cardiometcondbr_2006g1 cardiometcondbr_2006g2 cardiometcondbr_2006g3 zcesd_2006 were not provided. All covariates are fixed at their respective mean.
{res}{err}Warning: this analysis assumes a rare outcome.
Warning: fixed values for the covariates AGE2006 SEX NonWhite educationg1 educationg2 educationg3 educationg4 educationg5 totwealth_2006 marital_2006g1 marital_2006g2 marital_2006g3 marital_2006g4 smoking_2006g1 smoking_2006g2 smoking_2006g3 physic_act_2006g1 physic_act_2006g2 physic_act_2006g3 srh_2006g1 srh_2006g2 bmibr_2006g1 bmibr_2006g2 bmibr_2006g3 cardiometcondbr_2006g1 cardiometcondbr_2006g2 cardiometcondbr_2006g3 zcesd_2006 were not provided. All covariates are fixed at their respective mean.
{res}{err}Warning: this analysis assumes a rare outcome.
Warning: fixed values for the covariates AGE2006 SEX NonWhite educationg1 educationg2 educationg3 educationg4 educationg5 totwealth_2006 marital_2006g1 marital_2006g2 marital_2006g3 marital_2006g4 smoking_2006g1 smoking_2006g2 smoking_2006g3 physic_act_2006g1 physic_act_2006g2 physic_act_2006g3 srh_2006g1 srh_2006g2 bmibr_2006g1 bmibr_2006g2 bmibr_2006g3 cardiometcondbr_2006g1 cardiometcondbr_2006g2 cardiometcondbr_2006g3 zcesd_2006 were not provided. All covariates are fixed at their respective mean.
{res}{err}Warning: this analysis assumes a rare outcome.
Warning: fixed values for the covariates AGE2006 SEX NonWhite educationg1 educationg2 educationg3 educationg4 educationg5 totwealth_2006 marital_2006g1 marital_2006g2 marital_2006g3 marital_2006g4 smoking_2006g1 smoking_2006g2 smoking_2006g3 physic_act_2006g1 physic_act_2006g2 physic_act_2006g3 srh_2006g1 srh_2006g2 bmibr_2006g1 bmibr_2006g2 bmibr_2006g3 cardiometcondbr_2006g1 cardiometcondbr_2006g2 cardiometcondbr_2006g3 zcesd_2006 were not provided. All covariates are fixed at their respective mean.
{res}{err}Warning: this analysis assumes a rare outcome.
Warning: fixed values for the covariates AGE2006 SEX NonWhite educationg1 educationg2 educationg3 educationg4 educationg5 totwealth_2006 marital_2006g1 marital_2006g2 marital_2006g3 marital_2006g4 smoking_2006g1 smoking_2006g2 smoking_2006g3 physic_act_2006g1 physic_act_2006g2 physic_act_2006g3 srh_2006g1 srh_2006g2 bmibr_2006g1 bmibr_2006g2 bmibr_2006g3 cardiometcondbr_2006g1 cardiometcondbr_2006g2 cardiometcondbr_2006g3 zcesd_2006 were not provided. All covariates are fixed at their respective mean.
{res}
{txt}Multiple-imputation estimates{col 49}Imputations{col 67}= {res}         5
{txt}{col 49}Number of obs{col 67}= {res}     3,812
{txt}{col 49}Average RVI{col 67}= {res}    0.0000
{txt}{col 49}Largest FMI{col 67}= {res}    0.0001
{txt}DF adjustment:{ralign 15: {res:Large sample}}{col 49}DF:     min{col 67}= {res}  1.30e+09
{txt}{col 49}        avg{col 67}= {res}  3.31e+09
{txt}{col 49}        max{col 67}= {res}  7.29e+09

{txt}{hline 13}{c TT}{hline 11}{hline 11}{hline 9}{hline 8}{hline 13}{hline 12}
{col 14}{c |} Coefficient{col 26}  Std. err.{col 38}      t{col 46}   P>|t|{col 54}     [95% con{col 67}f. interval]
{hline 13}{c +}{hline 11}{hline 11}{hline 9}{hline 8}{hline 13}{hline 12}
{space 6}tereri {c |}{col 14}{res}{space 2} .4595841{col 26}{space 2} .0431558{col 37}{space 1}   10.65{col 46}{space 3}0.000{col 54}{space 4} .3750002{col 67}{space 3}  .544168
{txt}{space 3}ereri_cde {c |}{col 14}{res}{space 2} .4412541{col 26}{space 2} .0422259{col 37}{space 1}   10.45{col 46}{space 3}0.000{col 54}{space 4} .3584928{col 67}{space 3} .5240154
{txt}ereri_intref {c |}{col 14}{res}{space 2}-.0015519{col 26}{space 2} .0034798{col 37}{space 1}   -0.45{col 46}{space 3}0.656{col 54}{space 4}-.0083722{col 67}{space 3} .0052685
{txt}ereri_intmed {c |}{col 14}{res}{space 2} .0137712{col 26}{space 2} .0044423{col 37}{space 1}    3.10{col 46}{space 3}0.002{col 54}{space 4} .0050645{col 67}{space 3} .0224779
{txt}{space 3}ereri_pie {c |}{col 14}{res}{space 2} .0061107{col 26}{space 2} .0023974{col 37}{space 1}    2.55{col 46}{space 3}0.011{col 54}{space 4} .0014119{col 67}{space 3} .0108095
{txt}{hline 13}{c BT}{hline 11}{hline 11}{hline 9}{hline 8}{hline 13}{hline 12}
{res}{err}Warning: this analysis assumes a rare outcome.
Warning: fixed values for the covariates AGE2006 SEX NonWhite educationg1 educationg2 educationg3 educationg4 educationg5 totwealth_2006 marital_2006g1 marital_2006g2 marital_2006g3 marital_2006g4 smoking_2006g1 smoking_2006g2 smoking_2006g3 physic_act_2006g1 physic_act_2006g2 physic_act_2006g3 srh_2006g1 srh_2006g2 bmibr_2006g1 bmibr_2006g2 bmibr_2006g3 cardiometcondbr_2006g1 cardiometcondbr_2006g2 cardiometcondbr_2006g3 zcesd_2006 were not provided. All covariates are fixed at their respective mean.
{res}{err}Warning: this analysis assumes a rare outcome.
Warning: fixed values for the covariates AGE2006 SEX NonWhite educationg1 educationg2 educationg3 educationg4 educationg5 totwealth_2006 marital_2006g1 marital_2006g2 marital_2006g3 marital_2006g4 smoking_2006g1 smoking_2006g2 smoking_2006g3 physic_act_2006g1 physic_act_2006g2 physic_act_2006g3 srh_2006g1 srh_2006g2 bmibr_2006g1 bmibr_2006g2 bmibr_2006g3 cardiometcondbr_2006g1 cardiometcondbr_2006g2 cardiometcondbr_2006g3 zcesd_2006 were not provided. All covariates are fixed at their respective mean.
{res}{err}Warning: this analysis assumes a rare outcome.
Warning: fixed values for the covariates AGE2006 SEX NonWhite educationg1 educationg2 educationg3 educationg4 educationg5 totwealth_2006 marital_2006g1 marital_2006g2 marital_2006g3 marital_2006g4 smoking_2006g1 smoking_2006g2 smoking_2006g3 physic_act_2006g1 physic_act_2006g2 physic_act_2006g3 srh_2006g1 srh_2006g2 bmibr_2006g1 bmibr_2006g2 bmibr_2006g3 cardiometcondbr_2006g1 cardiometcondbr_2006g2 cardiometcondbr_2006g3 zcesd_2006 were not provided. All covariates are fixed at their respective mean.
{res}{err}Warning: this analysis assumes a rare outcome.
Warning: fixed values for the covariates AGE2006 SEX NonWhite educationg1 educationg2 educationg3 educationg4 educationg5 totwealth_2006 marital_2006g1 marital_2006g2 marital_2006g3 marital_2006g4 smoking_2006g1 smoking_2006g2 smoking_2006g3 physic_act_2006g1 physic_act_2006g2 physic_act_2006g3 srh_2006g1 srh_2006g2 bmibr_2006g1 bmibr_2006g2 bmibr_2006g3 cardiometcondbr_2006g1 cardiometcondbr_2006g2 cardiometcondbr_2006g3 zcesd_2006 were not provided. All covariates are fixed at their respective mean.
{res}{err}Warning: this analysis assumes a rare outcome.
Warning: fixed values for the covariates AGE2006 SEX NonWhite educationg1 educationg2 educationg3 educationg4 educationg5 totwealth_2006 marital_2006g1 marital_2006g2 marital_2006g3 marital_2006g4 smoking_2006g1 smoking_2006g2 smoking_2006g3 physic_act_2006g1 physic_act_2006g2 physic_act_2006g3 srh_2006g1 srh_2006g2 bmibr_2006g1 bmibr_2006g2 bmibr_2006g3 cardiometcondbr_2006g1 cardiometcondbr_2006g2 cardiometcondbr_2006g3 zcesd_2006 were not provided. All covariates are fixed at their respective mean.
{res}
{txt}Multiple-imputation estimates{col 49}Imputations{col 67}= {res}         5
{txt}{col 49}Number of obs{col 67}= {res}     3,812
{txt}{col 49}Average RVI{col 67}= {res}    0.0000
{txt}{col 49}Largest FMI{col 67}= {res}    0.0001
{txt}DF adjustment:{ralign 15: {res:Large sample}}{col 49}DF:     min{col 67}= {res}  1.29e+09
{txt}{col 49}        avg{col 67}= {res}  3.70e+09
{txt}{col 49}        max{col 67}= {res}  6.84e+09

{txt}{hline 13}{c TT}{hline 11}{hline 11}{hline 9}{hline 8}{hline 13}{hline 12}
{col 14}{c |} Coefficient{col 26}  Std. err.{col 38}      t{col 46}   P>|t|{col 54}     [95% con{col 67}f. interval]
{hline 13}{c +}{hline 11}{hline 11}{hline 9}{hline 8}{hline 13}{hline 12}
{space 6}tereri {c |}{col 14}{res}{space 2} .5130262{col 26}{space 2} .0465986{col 37}{space 1}   11.01{col 46}{space 3}0.000{col 54}{space 4} .4216947{col 67}{space 3} .6043578
{txt}{space 3}ereri_cde {c |}{col 14}{res}{space 2} .4884735{col 26}{space 2}  .045698{col 37}{space 1}   10.69{col 46}{space 3}0.000{col 54}{space 4} .3989071{col 67}{space 3} .5780398
{txt}ereri_intref {c |}{col 14}{res}{space 2}-.0020449{col 26}{space 2} .0037046{col 37}{space 1}   -0.55{col 46}{space 3}0.581{col 54}{space 4}-.0093057{col 67}{space 3}  .005216
{txt}ereri_intmed {c |}{col 14}{res}{space 2} .0191341{col 26}{space 2} .0055133{col 37}{space 1}    3.47{col 46}{space 3}0.001{col 54}{space 4} .0083283{col 67}{space 3}   .02994
{txt}{space 3}ereri_pie {c |}{col 14}{res}{space 2} .0074635{col 26}{space 2} .0028207{col 37}{space 1}    2.65{col 46}{space 3}0.008{col 54}{space 4}  .001935{col 67}{space 3} .0129921
{txt}{hline 13}{c BT}{hline 11}{hline 11}{hline 9}{hline 8}{hline 13}{hline 12}
{res}{txt}
{com}. 
. 
. 
. ***************************NHW*****************************************
. capture drop zpoorsleep_2006 
{txt}
{com}. capture drop zpoorsleepalt_2006
{txt}
{com}. capture drop zlnhurd_odds 
{txt}
{com}. capture drop zlnexpert_odds 
{txt}
{com}. capture drop zlnlasso_odds
{txt}
{com}. foreach x of varlist poorsleep_2006 poorsleepalt_2006 lnhurd_odds lnexpert_odds lnlasso_odds {c -(}
{txt}  2{com}.         mi passive: egen z`x'=std(`x') if sample_final==1
{txt}  3{com}. {c )-}
{res}{txt}{p}
(passive variables
{res}zpoorsleep_2006 zpoorsleepalt_2006 zlnhurd_odds zlnexpert_odds zlnlasso_odds
{txt}unregistered because not in {it:m}=0)
{p_end}
{it:m}=0:
(36,570 missing values generated)
{it:m}=1:
(36,570 missing values generated)
{it:m}=2:
(36,570 missing values generated)
{it:m}=3:
(36,570 missing values generated)
{it:m}=4:
(36,570 missing values generated)
{it:m}=5:
(36,570 missing values generated)
{res}{txt}{it:m}=0:
(36,570 missing values generated)
{it:m}=1:
(36,570 missing values generated)
{it:m}=2:
(36,570 missing values generated)
{it:m}=3:
(36,570 missing values generated)
{it:m}=4:
(36,570 missing values generated)
{it:m}=5:
(36,570 missing values generated)
{res}{txt}{it:m}=0:
(36,570 missing values generated)
{it:m}=1:
(36,570 missing values generated)
{it:m}=2:
(36,570 missing values generated)
{it:m}=3:
(36,570 missing values generated)
{it:m}=4:
(36,570 missing values generated)
{it:m}=5:
(36,570 missing values generated)
{res}{txt}{it:m}=0:
(36,570 missing values generated)
{it:m}=1:
(36,570 missing values generated)
{it:m}=2:
(36,570 missing values generated)
{it:m}=3:
(36,570 missing values generated)
{it:m}=4:
(36,570 missing values generated)
{it:m}=5:
(36,570 missing values generated)
{res}{txt}{it:m}=0:
(36,570 missing values generated)
{it:m}=1:
(36,570 missing values generated)
{it:m}=2:
(36,570 missing values generated)
{it:m}=3:
(36,570 missing values generated)
{it:m}=4:
(36,570 missing values generated)
{it:m}=5:
(36,570 missing values generated)

{com}. 
. save, replace
{txt}{p 0 4 2}
(file {bf}
C:\Users\baydounm\AppData\Local\Temp\ST_6434_000002.tmp{rm}
not found)
{p_end}
{p 0 4 2}
file {bf}
C:\Users\baydounm\AppData\Local\Temp\ST_6434_000002.tmp{rm}
saved
as .dta format
{p_end}

{com}. 
. 
. 
. 
. 
. foreach x of varlist zlnhurd_odds zlnexpert_odds zlnlasso_odds {c -(}
{txt}  2{com}. mi estimate, cmdok esampvaryok: med4way `x' zpoorsleep_2006  AGE2006 SEX NonWhite  educationg* totwealth_2006 marital_2006g* smoking_2006g* physic_act_2006g* srh_2006g* bmibr_2006g*  cardiometcondbr_2006g* zcesd_2006 if NonWhite==0 , a0(0) a1(1) m(0) yreg(cox) mreg(linear) 
{txt}  3{com}. {c )-}
{res}{err}Warning: this analysis assumes a rare outcome.
Warning: fixed values for the covariates AGE2006 SEX NonWhite educationg1 educationg2 educationg3 educationg4 educationg5 totwealth_2006 marital_2006g1 marital_2006g2 marital_2006g3 marital_2006g4 smoking_2006g1 smoking_2006g2 smoking_2006g3 physic_act_2006g1 physic_act_2006g2 physic_act_2006g3 srh_2006g1 srh_2006g2 bmibr_2006g1 bmibr_2006g2 bmibr_2006g3 cardiometcondbr_2006g1 cardiometcondbr_2006g2 cardiometcondbr_2006g3 zcesd_2006 were not provided. All covariates are fixed at their respective mean.
{res}{err}Warning: this analysis assumes a rare outcome.
Warning: fixed values for the covariates AGE2006 SEX NonWhite educationg1 educationg2 educationg3 educationg4 educationg5 totwealth_2006 marital_2006g1 marital_2006g2 marital_2006g3 marital_2006g4 smoking_2006g1 smoking_2006g2 smoking_2006g3 physic_act_2006g1 physic_act_2006g2 physic_act_2006g3 srh_2006g1 srh_2006g2 bmibr_2006g1 bmibr_2006g2 bmibr_2006g3 cardiometcondbr_2006g1 cardiometcondbr_2006g2 cardiometcondbr_2006g3 zcesd_2006 were not provided. All covariates are fixed at their respective mean.
{res}{err}Warning: this analysis assumes a rare outcome.
Warning: fixed values for the covariates AGE2006 SEX NonWhite educationg1 educationg2 educationg3 educationg4 educationg5 totwealth_2006 marital_2006g1 marital_2006g2 marital_2006g3 marital_2006g4 smoking_2006g1 smoking_2006g2 smoking_2006g3 physic_act_2006g1 physic_act_2006g2 physic_act_2006g3 srh_2006g1 srh_2006g2 bmibr_2006g1 bmibr_2006g2 bmibr_2006g3 cardiometcondbr_2006g1 cardiometcondbr_2006g2 cardiometcondbr_2006g3 zcesd_2006 were not provided. All covariates are fixed at their respective mean.
{res}{err}Warning: this analysis assumes a rare outcome.
Warning: fixed values for the covariates AGE2006 SEX NonWhite educationg1 educationg2 educationg3 educationg4 educationg5 totwealth_2006 marital_2006g1 marital_2006g2 marital_2006g3 marital_2006g4 smoking_2006g1 smoking_2006g2 smoking_2006g3 physic_act_2006g1 physic_act_2006g2 physic_act_2006g3 srh_2006g1 srh_2006g2 bmibr_2006g1 bmibr_2006g2 bmibr_2006g3 cardiometcondbr_2006g1 cardiometcondbr_2006g2 cardiometcondbr_2006g3 zcesd_2006 were not provided. All covariates are fixed at their respective mean.
{res}{err}Warning: this analysis assumes a rare outcome.
Warning: fixed values for the covariates AGE2006 SEX NonWhite educationg1 educationg2 educationg3 educationg4 educationg5 totwealth_2006 marital_2006g1 marital_2006g2 marital_2006g3 marital_2006g4 smoking_2006g1 smoking_2006g2 smoking_2006g3 physic_act_2006g1 physic_act_2006g2 physic_act_2006g3 srh_2006g1 srh_2006g2 bmibr_2006g1 bmibr_2006g2 bmibr_2006g3 cardiometcondbr_2006g1 cardiometcondbr_2006g2 cardiometcondbr_2006g3 zcesd_2006 were not provided. All covariates are fixed at their respective mean.
{res}
{txt}Multiple-imputation estimates{col 49}Imputations{col 67}= {res}         5
{txt}{col 49}Number of obs{col 67}= {res}     5,324
{txt}{col 49}Average RVI{col 67}= {res}    0.0001
{txt}{col 49}Largest FMI{col 67}= {res}    0.0003
{txt}DF adjustment:{ralign 15: {res:Large sample}}{col 49}DF:     min{col 67}= {res}  4.03e+07
{txt}{col 49}        avg{col 67}= {res}  4.08e+09
{txt}{col 49}        max{col 67}= {res}  1.88e+10

{txt}{hline 13}{c TT}{hline 11}{hline 11}{hline 9}{hline 8}{hline 13}{hline 12}
{col 14}{c |} Coefficient{col 26}  Std. err.{col 38}      t{col 46}   P>|t|{col 54}     [95% con{col 67}f. interval]
{hline 13}{c +}{hline 11}{hline 11}{hline 9}{hline 8}{hline 13}{hline 12}
{space 6}tereri {c |}{col 14}{res}{space 2} .5271601{col 26}{space 2} .0536675{col 37}{space 1}    9.82{col 46}{space 3}0.000{col 54}{space 4} .4219737{col 67}{space 3} .6323465
{txt}{space 3}ereri_cde {c |}{col 14}{res}{space 2} .4879399{col 26}{space 2} .0514341{col 37}{space 1}    9.49{col 46}{space 3}0.000{col 54}{space 4}  .387131{col 67}{space 3} .5887488
{txt}ereri_intref {c |}{col 14}{res}{space 2} .0163363{col 26}{space 2} .0065733{col 37}{space 1}    2.49{col 46}{space 3}0.013{col 54}{space 4} .0034529{col 67}{space 3} .0292197
{txt}ereri_intmed {c |}{col 14}{res}{space 2} .0183595{col 26}{space 2} .0061416{col 37}{space 1}    2.99{col 46}{space 3}0.003{col 54}{space 4} .0063222{col 67}{space 3} .0303969
{txt}{space 3}ereri_pie {c |}{col 14}{res}{space 2} .0045244{col 26}{space 2} .0019982{col 37}{space 1}    2.26{col 46}{space 3}0.024{col 54}{space 4} .0006079{col 67}{space 3} .0084408
{txt}{hline 13}{c BT}{hline 11}{hline 11}{hline 9}{hline 8}{hline 13}{hline 12}
{res}{err}Warning: this analysis assumes a rare outcome.
Warning: fixed values for the covariates AGE2006 SEX NonWhite educationg1 educationg2 educationg3 educationg4 educationg5 totwealth_2006 marital_2006g1 marital_2006g2 marital_2006g3 marital_2006g4 smoking_2006g1 smoking_2006g2 smoking_2006g3 physic_act_2006g1 physic_act_2006g2 physic_act_2006g3 srh_2006g1 srh_2006g2 bmibr_2006g1 bmibr_2006g2 bmibr_2006g3 cardiometcondbr_2006g1 cardiometcondbr_2006g2 cardiometcondbr_2006g3 zcesd_2006 were not provided. All covariates are fixed at their respective mean.
{res}{err}Warning: this analysis assumes a rare outcome.
Warning: fixed values for the covariates AGE2006 SEX NonWhite educationg1 educationg2 educationg3 educationg4 educationg5 totwealth_2006 marital_2006g1 marital_2006g2 marital_2006g3 marital_2006g4 smoking_2006g1 smoking_2006g2 smoking_2006g3 physic_act_2006g1 physic_act_2006g2 physic_act_2006g3 srh_2006g1 srh_2006g2 bmibr_2006g1 bmibr_2006g2 bmibr_2006g3 cardiometcondbr_2006g1 cardiometcondbr_2006g2 cardiometcondbr_2006g3 zcesd_2006 were not provided. All covariates are fixed at their respective mean.
{res}{err}Warning: this analysis assumes a rare outcome.
Warning: fixed values for the covariates AGE2006 SEX NonWhite educationg1 educationg2 educationg3 educationg4 educationg5 totwealth_2006 marital_2006g1 marital_2006g2 marital_2006g3 marital_2006g4 smoking_2006g1 smoking_2006g2 smoking_2006g3 physic_act_2006g1 physic_act_2006g2 physic_act_2006g3 srh_2006g1 srh_2006g2 bmibr_2006g1 bmibr_2006g2 bmibr_2006g3 cardiometcondbr_2006g1 cardiometcondbr_2006g2 cardiometcondbr_2006g3 zcesd_2006 were not provided. All covariates are fixed at their respective mean.
{res}{err}Warning: this analysis assumes a rare outcome.
Warning: fixed values for the covariates AGE2006 SEX NonWhite educationg1 educationg2 educationg3 educationg4 educationg5 totwealth_2006 marital_2006g1 marital_2006g2 marital_2006g3 marital_2006g4 smoking_2006g1 smoking_2006g2 smoking_2006g3 physic_act_2006g1 physic_act_2006g2 physic_act_2006g3 srh_2006g1 srh_2006g2 bmibr_2006g1 bmibr_2006g2 bmibr_2006g3 cardiometcondbr_2006g1 cardiometcondbr_2006g2 cardiometcondbr_2006g3 zcesd_2006 were not provided. All covariates are fixed at their respective mean.
{res}{err}Warning: this analysis assumes a rare outcome.
Warning: fixed values for the covariates AGE2006 SEX NonWhite educationg1 educationg2 educationg3 educationg4 educationg5 totwealth_2006 marital_2006g1 marital_2006g2 marital_2006g3 marital_2006g4 smoking_2006g1 smoking_2006g2 smoking_2006g3 physic_act_2006g1 physic_act_2006g2 physic_act_2006g3 srh_2006g1 srh_2006g2 bmibr_2006g1 bmibr_2006g2 bmibr_2006g3 cardiometcondbr_2006g1 cardiometcondbr_2006g2 cardiometcondbr_2006g3 zcesd_2006 were not provided. All covariates are fixed at their respective mean.
{res}
{txt}Multiple-imputation estimates{col 49}Imputations{col 67}= {res}         5
{txt}{col 49}Number of obs{col 67}= {res}     5,324
{txt}{col 49}Average RVI{col 67}= {res}    0.0001
{txt}{col 49}Largest FMI{col 67}= {res}    0.0004
{txt}DF adjustment:{ralign 15: {res:Large sample}}{col 49}DF:     min{col 67}= {res}  3.09e+07
{txt}{col 49}        avg{col 67}= {res}  1.60e+09
{txt}{col 49}        max{col 67}= {res}  3.60e+09

{txt}{hline 13}{c TT}{hline 11}{hline 11}{hline 9}{hline 8}{hline 13}{hline 12}
{col 14}{c |} Coefficient{col 26}  Std. err.{col 38}      t{col 46}   P>|t|{col 54}     [95% con{col 67}f. interval]
{hline 13}{c +}{hline 11}{hline 11}{hline 9}{hline 8}{hline 13}{hline 12}
{space 6}tereri {c |}{col 14}{res}{space 2}  .433347{col 26}{space 2} .0374219{col 37}{space 1}   11.58{col 46}{space 3}0.000{col 54}{space 4} .3600014{col 67}{space 3} .5066927
{txt}{space 3}ereri_cde {c |}{col 14}{res}{space 2} .4063941{col 26}{space 2} .0363882{col 37}{space 1}   11.17{col 46}{space 3}0.000{col 54}{space 4} .3350744{col 67}{space 3} .4777137
{txt}ereri_intref {c |}{col 14}{res}{space 2} .0091009{col 26}{space 2} .0038777{col 37}{space 1}    2.35{col 46}{space 3}0.019{col 54}{space 4} .0015008{col 67}{space 3} .0167011
{txt}ereri_intmed {c |}{col 14}{res}{space 2} .0137915{col 26}{space 2} .0038048{col 37}{space 1}    3.62{col 46}{space 3}0.000{col 54}{space 4} .0063342{col 67}{space 3} .0212489
{txt}{space 3}ereri_pie {c |}{col 14}{res}{space 2} .0040605{col 26}{space 2}  .001876{col 37}{space 1}    2.16{col 46}{space 3}0.030{col 54}{space 4} .0003837{col 67}{space 3} .0077374
{txt}{hline 13}{c BT}{hline 11}{hline 11}{hline 9}{hline 8}{hline 13}{hline 12}
{res}{err}Warning: this analysis assumes a rare outcome.
Warning: fixed values for the covariates AGE2006 SEX NonWhite educationg1 educationg2 educationg3 educationg4 educationg5 totwealth_2006 marital_2006g1 marital_2006g2 marital_2006g3 marital_2006g4 smoking_2006g1 smoking_2006g2 smoking_2006g3 physic_act_2006g1 physic_act_2006g2 physic_act_2006g3 srh_2006g1 srh_2006g2 bmibr_2006g1 bmibr_2006g2 bmibr_2006g3 cardiometcondbr_2006g1 cardiometcondbr_2006g2 cardiometcondbr_2006g3 zcesd_2006 were not provided. All covariates are fixed at their respective mean.
{res}{err}Warning: this analysis assumes a rare outcome.
Warning: fixed values for the covariates AGE2006 SEX NonWhite educationg1 educationg2 educationg3 educationg4 educationg5 totwealth_2006 marital_2006g1 marital_2006g2 marital_2006g3 marital_2006g4 smoking_2006g1 smoking_2006g2 smoking_2006g3 physic_act_2006g1 physic_act_2006g2 physic_act_2006g3 srh_2006g1 srh_2006g2 bmibr_2006g1 bmibr_2006g2 bmibr_2006g3 cardiometcondbr_2006g1 cardiometcondbr_2006g2 cardiometcondbr_2006g3 zcesd_2006 were not provided. All covariates are fixed at their respective mean.
{res}{err}Warning: this analysis assumes a rare outcome.
Warning: fixed values for the covariates AGE2006 SEX NonWhite educationg1 educationg2 educationg3 educationg4 educationg5 totwealth_2006 marital_2006g1 marital_2006g2 marital_2006g3 marital_2006g4 smoking_2006g1 smoking_2006g2 smoking_2006g3 physic_act_2006g1 physic_act_2006g2 physic_act_2006g3 srh_2006g1 srh_2006g2 bmibr_2006g1 bmibr_2006g2 bmibr_2006g3 cardiometcondbr_2006g1 cardiometcondbr_2006g2 cardiometcondbr_2006g3 zcesd_2006 were not provided. All covariates are fixed at their respective mean.
{res}{err}Warning: this analysis assumes a rare outcome.
Warning: fixed values for the covariates AGE2006 SEX NonWhite educationg1 educationg2 educationg3 educationg4 educationg5 totwealth_2006 marital_2006g1 marital_2006g2 marital_2006g3 marital_2006g4 smoking_2006g1 smoking_2006g2 smoking_2006g3 physic_act_2006g1 physic_act_2006g2 physic_act_2006g3 srh_2006g1 srh_2006g2 bmibr_2006g1 bmibr_2006g2 bmibr_2006g3 cardiometcondbr_2006g1 cardiometcondbr_2006g2 cardiometcondbr_2006g3 zcesd_2006 were not provided. All covariates are fixed at their respective mean.
{res}{err}Warning: this analysis assumes a rare outcome.
Warning: fixed values for the covariates AGE2006 SEX NonWhite educationg1 educationg2 educationg3 educationg4 educationg5 totwealth_2006 marital_2006g1 marital_2006g2 marital_2006g3 marital_2006g4 smoking_2006g1 smoking_2006g2 smoking_2006g3 physic_act_2006g1 physic_act_2006g2 physic_act_2006g3 srh_2006g1 srh_2006g2 bmibr_2006g1 bmibr_2006g2 bmibr_2006g3 cardiometcondbr_2006g1 cardiometcondbr_2006g2 cardiometcondbr_2006g3 zcesd_2006 were not provided. All covariates are fixed at their respective mean.
{res}
{txt}Multiple-imputation estimates{col 49}Imputations{col 67}= {res}         5
{txt}{col 49}Number of obs{col 67}= {res}     5,324
{txt}{col 49}Average RVI{col 67}= {res}    0.0001
{txt}{col 49}Largest FMI{col 67}= {res}    0.0003
{txt}DF adjustment:{ralign 15: {res:Large sample}}{col 49}DF:     min{col 67}= {res}  6.35e+07
{txt}{col 49}        avg{col 67}= {res}  1.33e+09
{txt}{col 49}        max{col 67}= {res}  5.08e+09

{txt}{hline 13}{c TT}{hline 11}{hline 11}{hline 9}{hline 8}{hline 13}{hline 12}
{col 14}{c |} Coefficient{col 26}  Std. err.{col 38}      t{col 46}   P>|t|{col 54}     [95% con{col 67}f. interval]
{hline 13}{c +}{hline 11}{hline 11}{hline 9}{hline 8}{hline 13}{hline 12}
{space 6}tereri {c |}{col 14}{res}{space 2} .4740054{col 26}{space 2} .0390999{col 37}{space 1}   12.12{col 46}{space 3}0.000{col 54}{space 4}  .397371{col 67}{space 3} .5506399
{txt}{space 3}ereri_cde {c |}{col 14}{res}{space 2} .4424474{col 26}{space 2} .0380584{col 37}{space 1}   11.63{col 46}{space 3}0.000{col 54}{space 4} .3678543{col 67}{space 3} .5170404
{txt}ereri_intref {c |}{col 14}{res}{space 2} .0107851{col 26}{space 2} .0043751{col 37}{space 1}    2.47{col 46}{space 3}0.014{col 54}{space 4} .0022102{col 67}{space 3} .0193601
{txt}ereri_intmed {c |}{col 14}{res}{space 2} .0162945{col 26}{space 2} .0043092{col 37}{space 1}    3.78{col 46}{space 3}0.000{col 54}{space 4} .0078487{col 67}{space 3} .0247402
{txt}{space 3}ereri_pie {c |}{col 14}{res}{space 2} .0044785{col 26}{space 2} .0020082{col 37}{space 1}    2.23{col 46}{space 3}0.026{col 54}{space 4} .0005425{col 67}{space 3} .0084145
{txt}{hline 13}{c BT}{hline 11}{hline 11}{hline 9}{hline 8}{hline 13}{hline 12}
{res}{txt}
{com}. 
. 
. 
. ***************SENSITIVITY ANALYSIS******************
. 
. foreach x of varlist zlnhurd_odds zlnexpert_odds zlnlasso_odds {c -(}
{txt}  2{com}. mi estimate, cmdok esampvaryok: med4way `x' zpoorsleepalt_2006  AGE2006 SEX NonWhite  educationg* totwealth_2006 marital_2006g* smoking_2006g* physic_act_2006g* srh_2006g* bmibr_2006g*  cardiometcondbr_2006g* zcesd_2006 if NonWhite==0 , a0(0) a1(1) m(0) yreg(cox) mreg(linear) 
{txt}  3{com}. {c )-}
{res}{err}Warning: this analysis assumes a rare outcome.
Warning: fixed values for the covariates AGE2006 SEX NonWhite educationg1 educationg2 educationg3 educationg4 educationg5 totwealth_2006 marital_2006g1 marital_2006g2 marital_2006g3 marital_2006g4 smoking_2006g1 smoking_2006g2 smoking_2006g3 physic_act_2006g1 physic_act_2006g2 physic_act_2006g3 srh_2006g1 srh_2006g2 bmibr_2006g1 bmibr_2006g2 bmibr_2006g3 cardiometcondbr_2006g1 cardiometcondbr_2006g2 cardiometcondbr_2006g3 zcesd_2006 were not provided. All covariates are fixed at their respective mean.
{res}{err}Warning: this analysis assumes a rare outcome.
Warning: fixed values for the covariates AGE2006 SEX NonWhite educationg1 educationg2 educationg3 educationg4 educationg5 totwealth_2006 marital_2006g1 marital_2006g2 marital_2006g3 marital_2006g4 smoking_2006g1 smoking_2006g2 smoking_2006g3 physic_act_2006g1 physic_act_2006g2 physic_act_2006g3 srh_2006g1 srh_2006g2 bmibr_2006g1 bmibr_2006g2 bmibr_2006g3 cardiometcondbr_2006g1 cardiometcondbr_2006g2 cardiometcondbr_2006g3 zcesd_2006 were not provided. All covariates are fixed at their respective mean.
{res}{err}Warning: this analysis assumes a rare outcome.
Warning: fixed values for the covariates AGE2006 SEX NonWhite educationg1 educationg2 educationg3 educationg4 educationg5 totwealth_2006 marital_2006g1 marital_2006g2 marital_2006g3 marital_2006g4 smoking_2006g1 smoking_2006g2 smoking_2006g3 physic_act_2006g1 physic_act_2006g2 physic_act_2006g3 srh_2006g1 srh_2006g2 bmibr_2006g1 bmibr_2006g2 bmibr_2006g3 cardiometcondbr_2006g1 cardiometcondbr_2006g2 cardiometcondbr_2006g3 zcesd_2006 were not provided. All covariates are fixed at their respective mean.
{res}{err}Warning: this analysis assumes a rare outcome.
Warning: fixed values for the covariates AGE2006 SEX NonWhite educationg1 educationg2 educationg3 educationg4 educationg5 totwealth_2006 marital_2006g1 marital_2006g2 marital_2006g3 marital_2006g4 smoking_2006g1 smoking_2006g2 smoking_2006g3 physic_act_2006g1 physic_act_2006g2 physic_act_2006g3 srh_2006g1 srh_2006g2 bmibr_2006g1 bmibr_2006g2 bmibr_2006g3 cardiometcondbr_2006g1 cardiometcondbr_2006g2 cardiometcondbr_2006g3 zcesd_2006 were not provided. All covariates are fixed at their respective mean.
{res}{err}Warning: this analysis assumes a rare outcome.
Warning: fixed values for the covariates AGE2006 SEX NonWhite educationg1 educationg2 educationg3 educationg4 educationg5 totwealth_2006 marital_2006g1 marital_2006g2 marital_2006g3 marital_2006g4 smoking_2006g1 smoking_2006g2 smoking_2006g3 physic_act_2006g1 physic_act_2006g2 physic_act_2006g3 srh_2006g1 srh_2006g2 bmibr_2006g1 bmibr_2006g2 bmibr_2006g3 cardiometcondbr_2006g1 cardiometcondbr_2006g2 cardiometcondbr_2006g3 zcesd_2006 were not provided. All covariates are fixed at their respective mean.
{res}
{txt}Multiple-imputation estimates{col 49}Imputations{col 67}= {res}         5
{txt}{col 49}Number of obs{col 67}= {res}     5,324
{txt}{col 49}Average RVI{col 67}= {res}    0.0001
{txt}{col 49}Largest FMI{col 67}= {res}    0.0003
{txt}DF adjustment:{ralign 15: {res:Large sample}}{col 49}DF:     min{col 67}= {res}  4.00e+07
{txt}{col 49}        avg{col 67}= {res}  7.88e+09
{txt}{col 49}        max{col 67}= {res}  3.75e+10

{txt}{hline 13}{c TT}{hline 11}{hline 11}{hline 9}{hline 8}{hline 13}{hline 12}
{col 14}{c |} Coefficient{col 26}  Std. err.{col 38}      t{col 46}   P>|t|{col 54}     [95% con{col 67}f. interval]
{hline 13}{c +}{hline 11}{hline 11}{hline 9}{hline 8}{hline 13}{hline 12}
{space 6}tereri {c |}{col 14}{res}{space 2}  .527986{col 26}{space 2}   .05374{col 37}{space 1}    9.82{col 46}{space 3}0.000{col 54}{space 4} .4226576{col 67}{space 3} .6333144
{txt}{space 3}ereri_cde {c |}{col 14}{res}{space 2} .4827975{col 26}{space 2} .0511969{col 37}{space 1}    9.43{col 46}{space 3}0.000{col 54}{space 4} .3824534{col 67}{space 3} .5831417
{txt}ereri_intref {c |}{col 14}{res}{space 2} .0192717{col 26}{space 2} .0071537{col 37}{space 1}    2.69{col 46}{space 3}0.007{col 54}{space 4} .0052507{col 67}{space 3} .0332928
{txt}ereri_intmed {c |}{col 14}{res}{space 2} .0203573{col 26}{space 2} .0064565{col 37}{space 1}    3.15{col 46}{space 3}0.002{col 54}{space 4} .0077027{col 67}{space 3} .0330119
{txt}{space 3}ereri_pie {c |}{col 14}{res}{space 2} .0055594{col 26}{space 2} .0022126{col 37}{space 1}    2.51{col 46}{space 3}0.012{col 54}{space 4} .0012229{col 67}{space 3}  .009896
{txt}{hline 13}{c BT}{hline 11}{hline 11}{hline 9}{hline 8}{hline 13}{hline 12}
{res}{err}Warning: this analysis assumes a rare outcome.
Warning: fixed values for the covariates AGE2006 SEX NonWhite educationg1 educationg2 educationg3 educationg4 educationg5 totwealth_2006 marital_2006g1 marital_2006g2 marital_2006g3 marital_2006g4 smoking_2006g1 smoking_2006g2 smoking_2006g3 physic_act_2006g1 physic_act_2006g2 physic_act_2006g3 srh_2006g1 srh_2006g2 bmibr_2006g1 bmibr_2006g2 bmibr_2006g3 cardiometcondbr_2006g1 cardiometcondbr_2006g2 cardiometcondbr_2006g3 zcesd_2006 were not provided. All covariates are fixed at their respective mean.
{res}{err}Warning: this analysis assumes a rare outcome.
Warning: fixed values for the covariates AGE2006 SEX NonWhite educationg1 educationg2 educationg3 educationg4 educationg5 totwealth_2006 marital_2006g1 marital_2006g2 marital_2006g3 marital_2006g4 smoking_2006g1 smoking_2006g2 smoking_2006g3 physic_act_2006g1 physic_act_2006g2 physic_act_2006g3 srh_2006g1 srh_2006g2 bmibr_2006g1 bmibr_2006g2 bmibr_2006g3 cardiometcondbr_2006g1 cardiometcondbr_2006g2 cardiometcondbr_2006g3 zcesd_2006 were not provided. All covariates are fixed at their respective mean.
{res}{err}Warning: this analysis assumes a rare outcome.
Warning: fixed values for the covariates AGE2006 SEX NonWhite educationg1 educationg2 educationg3 educationg4 educationg5 totwealth_2006 marital_2006g1 marital_2006g2 marital_2006g3 marital_2006g4 smoking_2006g1 smoking_2006g2 smoking_2006g3 physic_act_2006g1 physic_act_2006g2 physic_act_2006g3 srh_2006g1 srh_2006g2 bmibr_2006g1 bmibr_2006g2 bmibr_2006g3 cardiometcondbr_2006g1 cardiometcondbr_2006g2 cardiometcondbr_2006g3 zcesd_2006 were not provided. All covariates are fixed at their respective mean.
{res}{err}Warning: this analysis assumes a rare outcome.
Warning: fixed values for the covariates AGE2006 SEX NonWhite educationg1 educationg2 educationg3 educationg4 educationg5 totwealth_2006 marital_2006g1 marital_2006g2 marital_2006g3 marital_2006g4 smoking_2006g1 smoking_2006g2 smoking_2006g3 physic_act_2006g1 physic_act_2006g2 physic_act_2006g3 srh_2006g1 srh_2006g2 bmibr_2006g1 bmibr_2006g2 bmibr_2006g3 cardiometcondbr_2006g1 cardiometcondbr_2006g2 cardiometcondbr_2006g3 zcesd_2006 were not provided. All covariates are fixed at their respective mean.
{res}{err}Warning: this analysis assumes a rare outcome.
Warning: fixed values for the covariates AGE2006 SEX NonWhite educationg1 educationg2 educationg3 educationg4 educationg5 totwealth_2006 marital_2006g1 marital_2006g2 marital_2006g3 marital_2006g4 smoking_2006g1 smoking_2006g2 smoking_2006g3 physic_act_2006g1 physic_act_2006g2 physic_act_2006g3 srh_2006g1 srh_2006g2 bmibr_2006g1 bmibr_2006g2 bmibr_2006g3 cardiometcondbr_2006g1 cardiometcondbr_2006g2 cardiometcondbr_2006g3 zcesd_2006 were not provided. All covariates are fixed at their respective mean.
{res}
{txt}Multiple-imputation estimates{col 49}Imputations{col 67}= {res}         5
{txt}{col 49}Number of obs{col 67}= {res}     5,324
{txt}{col 49}Average RVI{col 67}= {res}    0.0001
{txt}{col 49}Largest FMI{col 67}= {res}    0.0004
{txt}DF adjustment:{ralign 15: {res:Large sample}}{col 49}DF:     min{col 67}= {res}  3.20e+07
{txt}{col 49}        avg{col 67}= {res}  3.39e+09
{txt}{col 49}        max{col 67}= {res}  1.13e+10

{txt}{hline 13}{c TT}{hline 11}{hline 11}{hline 9}{hline 8}{hline 13}{hline 12}
{col 14}{c |} Coefficient{col 26}  Std. err.{col 38}      t{col 46}   P>|t|{col 54}     [95% con{col 67}f. interval]
{hline 13}{c +}{hline 11}{hline 11}{hline 9}{hline 8}{hline 13}{hline 12}
{space 6}tereri {c |}{col 14}{res}{space 2} .4322272{col 26}{space 2} .0373799{col 37}{space 1}   11.56{col 46}{space 3}0.000{col 54}{space 4} .3589639{col 67}{space 3} .5054905
{txt}{space 3}ereri_cde {c |}{col 14}{res}{space 2} .4029048{col 26}{space 2} .0362711{col 37}{space 1}   11.11{col 46}{space 3}0.000{col 54}{space 4} .3318147{col 67}{space 3} .4739949
{txt}ereri_intref {c |}{col 14}{res}{space 2} .0106974{col 26}{space 2} .0041516{col 37}{space 1}    2.58{col 46}{space 3}0.010{col 54}{space 4} .0025604{col 67}{space 3} .0188344
{txt}ereri_intmed {c |}{col 14}{res}{space 2} .0139085{col 26}{space 2} .0038493{col 37}{space 1}    3.61{col 46}{space 3}0.000{col 54}{space 4}  .006364{col 67}{space 3} .0214531
{txt}{space 3}ereri_pie {c |}{col 14}{res}{space 2} .0047164{col 26}{space 2} .0019462{col 37}{space 1}    2.42{col 46}{space 3}0.015{col 54}{space 4} .0009019{col 67}{space 3}  .008531
{txt}{hline 13}{c BT}{hline 11}{hline 11}{hline 9}{hline 8}{hline 13}{hline 12}
{res}{err}Warning: this analysis assumes a rare outcome.
Warning: fixed values for the covariates AGE2006 SEX NonWhite educationg1 educationg2 educationg3 educationg4 educationg5 totwealth_2006 marital_2006g1 marital_2006g2 marital_2006g3 marital_2006g4 smoking_2006g1 smoking_2006g2 smoking_2006g3 physic_act_2006g1 physic_act_2006g2 physic_act_2006g3 srh_2006g1 srh_2006g2 bmibr_2006g1 bmibr_2006g2 bmibr_2006g3 cardiometcondbr_2006g1 cardiometcondbr_2006g2 cardiometcondbr_2006g3 zcesd_2006 were not provided. All covariates are fixed at their respective mean.
{res}{err}Warning: this analysis assumes a rare outcome.
Warning: fixed values for the covariates AGE2006 SEX NonWhite educationg1 educationg2 educationg3 educationg4 educationg5 totwealth_2006 marital_2006g1 marital_2006g2 marital_2006g3 marital_2006g4 smoking_2006g1 smoking_2006g2 smoking_2006g3 physic_act_2006g1 physic_act_2006g2 physic_act_2006g3 srh_2006g1 srh_2006g2 bmibr_2006g1 bmibr_2006g2 bmibr_2006g3 cardiometcondbr_2006g1 cardiometcondbr_2006g2 cardiometcondbr_2006g3 zcesd_2006 were not provided. All covariates are fixed at their respective mean.
{res}{err}Warning: this analysis assumes a rare outcome.
Warning: fixed values for the covariates AGE2006 SEX NonWhite educationg1 educationg2 educationg3 educationg4 educationg5 totwealth_2006 marital_2006g1 marital_2006g2 marital_2006g3 marital_2006g4 smoking_2006g1 smoking_2006g2 smoking_2006g3 physic_act_2006g1 physic_act_2006g2 physic_act_2006g3 srh_2006g1 srh_2006g2 bmibr_2006g1 bmibr_2006g2 bmibr_2006g3 cardiometcondbr_2006g1 cardiometcondbr_2006g2 cardiometcondbr_2006g3 zcesd_2006 were not provided. All covariates are fixed at their respective mean.
{res}{err}Warning: this analysis assumes a rare outcome.
Warning: fixed values for the covariates AGE2006 SEX NonWhite educationg1 educationg2 educationg3 educationg4 educationg5 totwealth_2006 marital_2006g1 marital_2006g2 marital_2006g3 marital_2006g4 smoking_2006g1 smoking_2006g2 smoking_2006g3 physic_act_2006g1 physic_act_2006g2 physic_act_2006g3 srh_2006g1 srh_2006g2 bmibr_2006g1 bmibr_2006g2 bmibr_2006g3 cardiometcondbr_2006g1 cardiometcondbr_2006g2 cardiometcondbr_2006g3 zcesd_2006 were not provided. All covariates are fixed at their respective mean.
{res}{err}Warning: this analysis assumes a rare outcome.
Warning: fixed values for the covariates AGE2006 SEX NonWhite educationg1 educationg2 educationg3 educationg4 educationg5 totwealth_2006 marital_2006g1 marital_2006g2 marital_2006g3 marital_2006g4 smoking_2006g1 smoking_2006g2 smoking_2006g3 physic_act_2006g1 physic_act_2006g2 physic_act_2006g3 srh_2006g1 srh_2006g2 bmibr_2006g1 bmibr_2006g2 bmibr_2006g3 cardiometcondbr_2006g1 cardiometcondbr_2006g2 cardiometcondbr_2006g3 zcesd_2006 were not provided. All covariates are fixed at their respective mean.
{res}
{txt}Multiple-imputation estimates{col 49}Imputations{col 67}= {res}         5
{txt}{col 49}Number of obs{col 67}= {res}     5,324
{txt}{col 49}Average RVI{col 67}= {res}    0.0001
{txt}{col 49}Largest FMI{col 67}= {res}    0.0002
{txt}DF adjustment:{ralign 15: {res:Large sample}}{col 49}DF:     min{col 67}= {res}  6.44e+07
{txt}{col 49}        avg{col 67}= {res}  4.72e+09
{txt}{col 49}        max{col 67}= {res}  2.20e+10

{txt}{hline 13}{c TT}{hline 11}{hline 11}{hline 9}{hline 8}{hline 13}{hline 12}
{col 14}{c |} Coefficient{col 26}  Std. err.{col 38}      t{col 46}   P>|t|{col 54}     [95% con{col 67}f. interval]
{hline 13}{c +}{hline 11}{hline 11}{hline 9}{hline 8}{hline 13}{hline 12}
{space 6}tereri {c |}{col 14}{res}{space 2} .4726754{col 26}{space 2} .0390318{col 37}{space 1}   12.11{col 46}{space 3}0.000{col 54}{space 4} .3961745{col 67}{space 3} .5491763
{txt}{space 3}ereri_cde {c |}{col 14}{res}{space 2}  .437541{col 26}{space 2} .0379072{col 37}{space 1}   11.54{col 46}{space 3}0.000{col 54}{space 4} .3632442{col 67}{space 3} .5118378
{txt}ereri_intref {c |}{col 14}{res}{space 2} .0127758{col 26}{space 2} .0047307{col 37}{space 1}    2.70{col 46}{space 3}0.007{col 54}{space 4} .0035038{col 67}{space 3} .0220478
{txt}ereri_intmed {c |}{col 14}{res}{space 2} .0170126{col 26}{space 2} .0044407{col 37}{space 1}    3.83{col 46}{space 3}0.000{col 54}{space 4}  .008309{col 67}{space 3} .0257161
{txt}{space 3}ereri_pie {c |}{col 14}{res}{space 2} .0053461{col 26}{space 2} .0021258{col 37}{space 1}    2.51{col 46}{space 3}0.012{col 54}{space 4} .0011796{col 67}{space 3} .0095125
{txt}{hline 13}{c BT}{hline 11}{hline 11}{hline 9}{hline 8}{hline 13}{hline 12}
{res}{txt}
{com}. 
. 
. 
. ***************************Non-White*************************************
. capture drop zpoorsleep_2006 
{txt}
{com}. capture drop zpoorsleepalt_2006
{txt}
{com}. capture drop zlnhurd_odds 
{txt}
{com}. capture drop zlnexpert_odds 
{txt}
{com}. capture drop zlnlasso_odds
{txt}
{com}. foreach x of varlist poorsleep_2006 poorsleepalt_2006 lnhurd_odds lnexpert_odds lnlasso_odds {c -(}
{txt}  2{com}.         mi passive: egen z`x'=std(`x') if sample_final==1
{txt}  3{com}. {c )-}
{res}{txt}{p}
(passive variables
{res}zpoorsleep_2006 zpoorsleepalt_2006 zlnhurd_odds zlnexpert_odds zlnlasso_odds
{txt}unregistered because not in {it:m}=0)
{p_end}
{it:m}=0:
(36,570 missing values generated)
{it:m}=1:
(36,570 missing values generated)
{it:m}=2:
(36,570 missing values generated)
{it:m}=3:
(36,570 missing values generated)
{it:m}=4:
(36,570 missing values generated)
{it:m}=5:
(36,570 missing values generated)
{res}{txt}{it:m}=0:
(36,570 missing values generated)
{it:m}=1:
(36,570 missing values generated)
{it:m}=2:
(36,570 missing values generated)
{it:m}=3:
(36,570 missing values generated)
{it:m}=4:
(36,570 missing values generated)
{it:m}=5:
(36,570 missing values generated)
{res}{txt}{it:m}=0:
(36,570 missing values generated)
{it:m}=1:
(36,570 missing values generated)
{it:m}=2:
(36,570 missing values generated)
{it:m}=3:
(36,570 missing values generated)
{it:m}=4:
(36,570 missing values generated)
{it:m}=5:
(36,570 missing values generated)
{res}{txt}{it:m}=0:
(36,570 missing values generated)
{it:m}=1:
(36,570 missing values generated)
{it:m}=2:
(36,570 missing values generated)
{it:m}=3:
(36,570 missing values generated)
{it:m}=4:
(36,570 missing values generated)
{it:m}=5:
(36,570 missing values generated)
{res}{txt}{it:m}=0:
(36,570 missing values generated)
{it:m}=1:
(36,570 missing values generated)
{it:m}=2:
(36,570 missing values generated)
{it:m}=3:
(36,570 missing values generated)
{it:m}=4:
(36,570 missing values generated)
{it:m}=5:
(36,570 missing values generated)

{com}. 
. save, replace
{txt}{p 0 4 2}
(file {bf}
C:\Users\baydounm\AppData\Local\Temp\ST_6434_000002.tmp{rm}
not found)
{p_end}
{p 0 4 2}
file {bf}
C:\Users\baydounm\AppData\Local\Temp\ST_6434_000002.tmp{rm}
saved
as .dta format
{p_end}

{com}. 
. 
. 
. 
. foreach x of varlist zlnhurd_odds zlnexpert_odds zlnlasso_odds {c -(}
{txt}  2{com}. mi estimate, cmdok esampvaryok: med4way `x' zpoorsleep_2006  AGE2006 SEX NonWhite  educationg* totwealth_2006 marital_2006g* smoking_2006g* physic_act_2006g* srh_2006g* bmibr_2006g*  cardiometcondbr_2006g* zcesd_2006 if NonWhite==1 , a0(0) a1(1) m(0) yreg(cox) mreg(linear) 
{txt}  3{com}. {c )-}
{res}{err}Warning: this analysis assumes a rare outcome.
Warning: fixed values for the covariates AGE2006 SEX NonWhite educationg1 educationg2 educationg3 educationg4 educationg5 totwealth_2006 marital_2006g1 marital_2006g2 marital_2006g3 marital_2006g4 smoking_2006g1 smoking_2006g2 smoking_2006g3 physic_act_2006g1 physic_act_2006g2 physic_act_2006g3 srh_2006g1 srh_2006g2 bmibr_2006g1 bmibr_2006g2 bmibr_2006g3 cardiometcondbr_2006g1 cardiometcondbr_2006g2 cardiometcondbr_2006g3 zcesd_2006 were not provided. All covariates are fixed at their respective mean.
{res}{err}Warning: this analysis assumes a rare outcome.
Warning: fixed values for the covariates AGE2006 SEX NonWhite educationg1 educationg2 educationg3 educationg4 educationg5 totwealth_2006 marital_2006g1 marital_2006g2 marital_2006g3 marital_2006g4 smoking_2006g1 smoking_2006g2 smoking_2006g3 physic_act_2006g1 physic_act_2006g2 physic_act_2006g3 srh_2006g1 srh_2006g2 bmibr_2006g1 bmibr_2006g2 bmibr_2006g3 cardiometcondbr_2006g1 cardiometcondbr_2006g2 cardiometcondbr_2006g3 zcesd_2006 were not provided. All covariates are fixed at their respective mean.
{res}{err}Warning: this analysis assumes a rare outcome.
Warning: fixed values for the covariates AGE2006 SEX NonWhite educationg1 educationg2 educationg3 educationg4 educationg5 totwealth_2006 marital_2006g1 marital_2006g2 marital_2006g3 marital_2006g4 smoking_2006g1 smoking_2006g2 smoking_2006g3 physic_act_2006g1 physic_act_2006g2 physic_act_2006g3 srh_2006g1 srh_2006g2 bmibr_2006g1 bmibr_2006g2 bmibr_2006g3 cardiometcondbr_2006g1 cardiometcondbr_2006g2 cardiometcondbr_2006g3 zcesd_2006 were not provided. All covariates are fixed at their respective mean.
{res}{err}Warning: this analysis assumes a rare outcome.
Warning: fixed values for the covariates AGE2006 SEX NonWhite educationg1 educationg2 educationg3 educationg4 educationg5 totwealth_2006 marital_2006g1 marital_2006g2 marital_2006g3 marital_2006g4 smoking_2006g1 smoking_2006g2 smoking_2006g3 physic_act_2006g1 physic_act_2006g2 physic_act_2006g3 srh_2006g1 srh_2006g2 bmibr_2006g1 bmibr_2006g2 bmibr_2006g3 cardiometcondbr_2006g1 cardiometcondbr_2006g2 cardiometcondbr_2006g3 zcesd_2006 were not provided. All covariates are fixed at their respective mean.
{res}{err}Warning: this analysis assumes a rare outcome.
Warning: fixed values for the covariates AGE2006 SEX NonWhite educationg1 educationg2 educationg3 educationg4 educationg5 totwealth_2006 marital_2006g1 marital_2006g2 marital_2006g3 marital_2006g4 smoking_2006g1 smoking_2006g2 smoking_2006g3 physic_act_2006g1 physic_act_2006g2 physic_act_2006g3 srh_2006g1 srh_2006g2 bmibr_2006g1 bmibr_2006g2 bmibr_2006g3 cardiometcondbr_2006g1 cardiometcondbr_2006g2 cardiometcondbr_2006g3 zcesd_2006 were not provided. All covariates are fixed at their respective mean.
{res}
{txt}Multiple-imputation estimates{col 49}Imputations{col 67}= {res}         5
{txt}{col 49}Number of obs{col 67}= {res}     1,186
{txt}{col 49}Average RVI{col 67}= {res}    0.0003
{txt}{col 49}Largest FMI{col 67}= {res}    0.0010
{txt}DF adjustment:{ralign 15: {res:Large sample}}{col 49}DF:     min{col 67}= {res}3878688.51
{txt}{col 49}        avg{col 67}= {res}  1.36e+10
{txt}{col 49}        max{col 67}= {res}  6.80e+10

{txt}{hline 13}{c TT}{hline 11}{hline 11}{hline 9}{hline 8}{hline 13}{hline 12}
{col 14}{c |} Coefficient{col 26}  Std. err.{col 38}      t{col 46}   P>|t|{col 54}     [95% con{col 67}f. interval]
{hline 13}{c +}{hline 11}{hline 11}{hline 9}{hline 8}{hline 13}{hline 12}
{space 6}tereri {c |}{col 14}{res}{space 2}  .410282{col 26}{space 2} .1057925{col 37}{space 1}    3.88{col 46}{space 3}0.000{col 54}{space 4} .2029326{col 67}{space 3} .6176314
{txt}{space 3}ereri_cde {c |}{col 14}{res}{space 2} .3785128{col 26}{space 2} .1020466{col 37}{space 1}    3.71{col 46}{space 3}0.000{col 54}{space 4} .1785052{col 67}{space 3} .5785205
{txt}ereri_intref {c |}{col 14}{res}{space 2} .0196343{col 26}{space 2} .0169435{col 37}{space 1}    1.16{col 46}{space 3}0.247{col 54}{space 4}-.0135745{col 67}{space 3} .0528431
{txt}ereri_intmed {c |}{col 14}{res}{space 2} .0060521{col 26}{space 2} .0073782{col 37}{space 1}    0.82{col 46}{space 3}0.412{col 54}{space 4}-.0084088{col 67}{space 3}  .020513
{txt}{space 3}ereri_pie {c |}{col 14}{res}{space 2} .0060828{col 26}{space 2} .0065186{col 37}{space 1}    0.93{col 46}{space 3}0.351{col 54}{space 4}-.0066934{col 67}{space 3}  .018859
{txt}{hline 13}{c BT}{hline 11}{hline 11}{hline 9}{hline 8}{hline 13}{hline 12}
{res}{err}Warning: this analysis assumes a rare outcome.
Warning: fixed values for the covariates AGE2006 SEX NonWhite educationg1 educationg2 educationg3 educationg4 educationg5 totwealth_2006 marital_2006g1 marital_2006g2 marital_2006g3 marital_2006g4 smoking_2006g1 smoking_2006g2 smoking_2006g3 physic_act_2006g1 physic_act_2006g2 physic_act_2006g3 srh_2006g1 srh_2006g2 bmibr_2006g1 bmibr_2006g2 bmibr_2006g3 cardiometcondbr_2006g1 cardiometcondbr_2006g2 cardiometcondbr_2006g3 zcesd_2006 were not provided. All covariates are fixed at their respective mean.
{res}{err}Warning: this analysis assumes a rare outcome.
Warning: fixed values for the covariates AGE2006 SEX NonWhite educationg1 educationg2 educationg3 educationg4 educationg5 totwealth_2006 marital_2006g1 marital_2006g2 marital_2006g3 marital_2006g4 smoking_2006g1 smoking_2006g2 smoking_2006g3 physic_act_2006g1 physic_act_2006g2 physic_act_2006g3 srh_2006g1 srh_2006g2 bmibr_2006g1 bmibr_2006g2 bmibr_2006g3 cardiometcondbr_2006g1 cardiometcondbr_2006g2 cardiometcondbr_2006g3 zcesd_2006 were not provided. All covariates are fixed at their respective mean.
{res}{err}Warning: this analysis assumes a rare outcome.
Warning: fixed values for the covariates AGE2006 SEX NonWhite educationg1 educationg2 educationg3 educationg4 educationg5 totwealth_2006 marital_2006g1 marital_2006g2 marital_2006g3 marital_2006g4 smoking_2006g1 smoking_2006g2 smoking_2006g3 physic_act_2006g1 physic_act_2006g2 physic_act_2006g3 srh_2006g1 srh_2006g2 bmibr_2006g1 bmibr_2006g2 bmibr_2006g3 cardiometcondbr_2006g1 cardiometcondbr_2006g2 cardiometcondbr_2006g3 zcesd_2006 were not provided. All covariates are fixed at their respective mean.
{res}{err}Warning: this analysis assumes a rare outcome.
Warning: fixed values for the covariates AGE2006 SEX NonWhite educationg1 educationg2 educationg3 educationg4 educationg5 totwealth_2006 marital_2006g1 marital_2006g2 marital_2006g3 marital_2006g4 smoking_2006g1 smoking_2006g2 smoking_2006g3 physic_act_2006g1 physic_act_2006g2 physic_act_2006g3 srh_2006g1 srh_2006g2 bmibr_2006g1 bmibr_2006g2 bmibr_2006g3 cardiometcondbr_2006g1 cardiometcondbr_2006g2 cardiometcondbr_2006g3 zcesd_2006 were not provided. All covariates are fixed at their respective mean.
{res}{err}Warning: this analysis assumes a rare outcome.
Warning: fixed values for the covariates AGE2006 SEX NonWhite educationg1 educationg2 educationg3 educationg4 educationg5 totwealth_2006 marital_2006g1 marital_2006g2 marital_2006g3 marital_2006g4 smoking_2006g1 smoking_2006g2 smoking_2006g3 physic_act_2006g1 physic_act_2006g2 physic_act_2006g3 srh_2006g1 srh_2006g2 bmibr_2006g1 bmibr_2006g2 bmibr_2006g3 cardiometcondbr_2006g1 cardiometcondbr_2006g2 cardiometcondbr_2006g3 zcesd_2006 were not provided. All covariates are fixed at their respective mean.
{res}
{txt}Multiple-imputation estimates{col 49}Imputations{col 67}= {res}         5
{txt}{col 49}Number of obs{col 67}= {res}     1,186
{txt}{col 49}Average RVI{col 67}= {res}    0.0007
{txt}{col 49}Largest FMI{col 67}= {res}    0.0023
{txt}DF adjustment:{ralign 15: {res:Large sample}}{col 49}DF:     min{col 67}= {res}776,691.35
{txt}{col 49}        avg{col 67}= {res}  2.52e+10
{txt}{col 49}        max{col 67}= {res}  1.25e+11

{txt}{hline 13}{c TT}{hline 11}{hline 11}{hline 9}{hline 8}{hline 13}{hline 12}
{col 14}{c |} Coefficient{col 26}  Std. err.{col 38}      t{col 46}   P>|t|{col 54}     [95% con{col 67}f. interval]
{hline 13}{c +}{hline 11}{hline 11}{hline 9}{hline 8}{hline 13}{hline 12}
{space 6}tereri {c |}{col 14}{res}{space 2} .2258871{col 26}{space 2} .0617193{col 37}{space 1}    3.66{col 46}{space 3}0.000{col 54}{space 4} .1049195{col 67}{space 3} .3468547
{txt}{space 3}ereri_cde {c |}{col 14}{res}{space 2} .2152519{col 26}{space 2} .0596627{col 37}{space 1}    3.61{col 46}{space 3}0.000{col 54}{space 4} .0983151{col 67}{space 3} .3321886
{txt}ereri_intref {c |}{col 14}{res}{space 2} .0092654{col 26}{space 2} .0096552{col 37}{space 1}    0.96{col 46}{space 3}0.337{col 54}{space 4}-.0096584{col 67}{space 3} .0281893
{txt}ereri_intmed {c |}{col 14}{res}{space 2} .0004221{col 26}{space 2} .0020471{col 37}{space 1}    0.21{col 46}{space 3}0.837{col 54}{space 4}-.0035902{col 67}{space 3} .0044345
{txt}{space 3}ereri_pie {c |}{col 14}{res}{space 2} .0009477{col 26}{space 2} .0045315{col 37}{space 1}    0.21{col 46}{space 3}0.834{col 54}{space 4}-.0079339{col 67}{space 3} .0098293
{txt}{hline 13}{c BT}{hline 11}{hline 11}{hline 9}{hline 8}{hline 13}{hline 12}
{res}{err}Warning: this analysis assumes a rare outcome.
Warning: fixed values for the covariates AGE2006 SEX NonWhite educationg1 educationg2 educationg3 educationg4 educationg5 totwealth_2006 marital_2006g1 marital_2006g2 marital_2006g3 marital_2006g4 smoking_2006g1 smoking_2006g2 smoking_2006g3 physic_act_2006g1 physic_act_2006g2 physic_act_2006g3 srh_2006g1 srh_2006g2 bmibr_2006g1 bmibr_2006g2 bmibr_2006g3 cardiometcondbr_2006g1 cardiometcondbr_2006g2 cardiometcondbr_2006g3 zcesd_2006 were not provided. All covariates are fixed at their respective mean.
{res}{err}Warning: this analysis assumes a rare outcome.
Warning: fixed values for the covariates AGE2006 SEX NonWhite educationg1 educationg2 educationg3 educationg4 educationg5 totwealth_2006 marital_2006g1 marital_2006g2 marital_2006g3 marital_2006g4 smoking_2006g1 smoking_2006g2 smoking_2006g3 physic_act_2006g1 physic_act_2006g2 physic_act_2006g3 srh_2006g1 srh_2006g2 bmibr_2006g1 bmibr_2006g2 bmibr_2006g3 cardiometcondbr_2006g1 cardiometcondbr_2006g2 cardiometcondbr_2006g3 zcesd_2006 were not provided. All covariates are fixed at their respective mean.
{res}{err}Warning: this analysis assumes a rare outcome.
Warning: fixed values for the covariates AGE2006 SEX NonWhite educationg1 educationg2 educationg3 educationg4 educationg5 totwealth_2006 marital_2006g1 marital_2006g2 marital_2006g3 marital_2006g4 smoking_2006g1 smoking_2006g2 smoking_2006g3 physic_act_2006g1 physic_act_2006g2 physic_act_2006g3 srh_2006g1 srh_2006g2 bmibr_2006g1 bmibr_2006g2 bmibr_2006g3 cardiometcondbr_2006g1 cardiometcondbr_2006g2 cardiometcondbr_2006g3 zcesd_2006 were not provided. All covariates are fixed at their respective mean.
{res}{err}Warning: this analysis assumes a rare outcome.
Warning: fixed values for the covariates AGE2006 SEX NonWhite educationg1 educationg2 educationg3 educationg4 educationg5 totwealth_2006 marital_2006g1 marital_2006g2 marital_2006g3 marital_2006g4 smoking_2006g1 smoking_2006g2 smoking_2006g3 physic_act_2006g1 physic_act_2006g2 physic_act_2006g3 srh_2006g1 srh_2006g2 bmibr_2006g1 bmibr_2006g2 bmibr_2006g3 cardiometcondbr_2006g1 cardiometcondbr_2006g2 cardiometcondbr_2006g3 zcesd_2006 were not provided. All covariates are fixed at their respective mean.
{res}{err}Warning: this analysis assumes a rare outcome.
Warning: fixed values for the covariates AGE2006 SEX NonWhite educationg1 educationg2 educationg3 educationg4 educationg5 totwealth_2006 marital_2006g1 marital_2006g2 marital_2006g3 marital_2006g4 smoking_2006g1 smoking_2006g2 smoking_2006g3 physic_act_2006g1 physic_act_2006g2 physic_act_2006g3 srh_2006g1 srh_2006g2 bmibr_2006g1 bmibr_2006g2 bmibr_2006g3 cardiometcondbr_2006g1 cardiometcondbr_2006g2 cardiometcondbr_2006g3 zcesd_2006 were not provided. All covariates are fixed at their respective mean.
{res}
{txt}Multiple-imputation estimates{col 49}Imputations{col 67}= {res}         5
{txt}{col 49}Number of obs{col 67}= {res}     1,186
{txt}{col 49}Average RVI{col 67}= {res}    0.0002
{txt}{col 49}Largest FMI{col 67}= {res}    0.0009
{txt}DF adjustment:{ralign 15: {res:Large sample}}{col 49}DF:     min{col 67}= {res}5031936.31
{txt}{col 49}        avg{col 67}= {res}  1.06e+11
{txt}{col 49}        max{col 67}= {res}  5.29e+11

{txt}{hline 13}{c TT}{hline 11}{hline 11}{hline 9}{hline 8}{hline 13}{hline 12}
{col 14}{c |} Coefficient{col 26}  Std. err.{col 38}      t{col 46}   P>|t|{col 54}     [95% con{col 67}f. interval]
{hline 13}{c +}{hline 11}{hline 11}{hline 9}{hline 8}{hline 13}{hline 12}
{space 6}tereri {c |}{col 14}{res}{space 2} .3393887{col 26}{space 2} .0751117{col 37}{space 1}    4.52{col 46}{space 3}0.000{col 54}{space 4} .1921724{col 67}{space 3} .4866051
{txt}{space 3}ereri_cde {c |}{col 14}{res}{space 2} .3280985{col 26}{space 2} .0736025{col 37}{space 1}    4.46{col 46}{space 3}0.000{col 54}{space 4} .1838403{col 67}{space 3} .4723568
{txt}ereri_intref {c |}{col 14}{res}{space 2} .0059125{col 26}{space 2} .0108579{col 37}{space 1}    0.54{col 46}{space 3}0.586{col 54}{space 4}-.0153685{col 67}{space 3} .0271935
{txt}ereri_intmed {c |}{col 14}{res}{space 2} .0013321{col 26}{space 2} .0025211{col 37}{space 1}    0.53{col 46}{space 3}0.597{col 54}{space 4}-.0036092{col 67}{space 3} .0062734
{txt}{space 3}ereri_pie {c |}{col 14}{res}{space 2} .0040456{col 26}{space 2} .0056021{col 37}{space 1}    0.72{col 46}{space 3}0.470{col 54}{space 4}-.0069343{col 67}{space 3} .0150256
{txt}{hline 13}{c BT}{hline 11}{hline 11}{hline 9}{hline 8}{hline 13}{hline 12}
{res}{txt}
{com}. 
. 
. 
. ***************SENSITIVITY ANALYSIS******************
. 
. foreach x of varlist zlnhurd_odds zlnexpert_odds zlnlasso_odds {c -(}
{txt}  2{com}. mi estimate, cmdok esampvaryok: med4way `x' zpoorsleepalt_2006  AGE2006 SEX NonWhite  educationg* totwealth_2006 marital_2006g* smoking_2006g* physic_act_2006g* srh_2006g* bmibr_2006g*  cardiometcondbr_2006g* zcesd_2006 if NonWhite==1 , a0(0) a1(1) m(0) yreg(cox) mreg(linear) 
{txt}  3{com}. {c )-}
{res}{err}Warning: this analysis assumes a rare outcome.
Warning: fixed values for the covariates AGE2006 SEX NonWhite educationg1 educationg2 educationg3 educationg4 educationg5 totwealth_2006 marital_2006g1 marital_2006g2 marital_2006g3 marital_2006g4 smoking_2006g1 smoking_2006g2 smoking_2006g3 physic_act_2006g1 physic_act_2006g2 physic_act_2006g3 srh_2006g1 srh_2006g2 bmibr_2006g1 bmibr_2006g2 bmibr_2006g3 cardiometcondbr_2006g1 cardiometcondbr_2006g2 cardiometcondbr_2006g3 zcesd_2006 were not provided. All covariates are fixed at their respective mean.
{res}{err}Warning: this analysis assumes a rare outcome.
Warning: fixed values for the covariates AGE2006 SEX NonWhite educationg1 educationg2 educationg3 educationg4 educationg5 totwealth_2006 marital_2006g1 marital_2006g2 marital_2006g3 marital_2006g4 smoking_2006g1 smoking_2006g2 smoking_2006g3 physic_act_2006g1 physic_act_2006g2 physic_act_2006g3 srh_2006g1 srh_2006g2 bmibr_2006g1 bmibr_2006g2 bmibr_2006g3 cardiometcondbr_2006g1 cardiometcondbr_2006g2 cardiometcondbr_2006g3 zcesd_2006 were not provided. All covariates are fixed at their respective mean.
{res}{err}Warning: this analysis assumes a rare outcome.
Warning: fixed values for the covariates AGE2006 SEX NonWhite educationg1 educationg2 educationg3 educationg4 educationg5 totwealth_2006 marital_2006g1 marital_2006g2 marital_2006g3 marital_2006g4 smoking_2006g1 smoking_2006g2 smoking_2006g3 physic_act_2006g1 physic_act_2006g2 physic_act_2006g3 srh_2006g1 srh_2006g2 bmibr_2006g1 bmibr_2006g2 bmibr_2006g3 cardiometcondbr_2006g1 cardiometcondbr_2006g2 cardiometcondbr_2006g3 zcesd_2006 were not provided. All covariates are fixed at their respective mean.
{res}{err}Warning: this analysis assumes a rare outcome.
Warning: fixed values for the covariates AGE2006 SEX NonWhite educationg1 educationg2 educationg3 educationg4 educationg5 totwealth_2006 marital_2006g1 marital_2006g2 marital_2006g3 marital_2006g4 smoking_2006g1 smoking_2006g2 smoking_2006g3 physic_act_2006g1 physic_act_2006g2 physic_act_2006g3 srh_2006g1 srh_2006g2 bmibr_2006g1 bmibr_2006g2 bmibr_2006g3 cardiometcondbr_2006g1 cardiometcondbr_2006g2 cardiometcondbr_2006g3 zcesd_2006 were not provided. All covariates are fixed at their respective mean.
{res}{err}Warning: this analysis assumes a rare outcome.
Warning: fixed values for the covariates AGE2006 SEX NonWhite educationg1 educationg2 educationg3 educationg4 educationg5 totwealth_2006 marital_2006g1 marital_2006g2 marital_2006g3 marital_2006g4 smoking_2006g1 smoking_2006g2 smoking_2006g3 physic_act_2006g1 physic_act_2006g2 physic_act_2006g3 srh_2006g1 srh_2006g2 bmibr_2006g1 bmibr_2006g2 bmibr_2006g3 cardiometcondbr_2006g1 cardiometcondbr_2006g2 cardiometcondbr_2006g3 zcesd_2006 were not provided. All covariates are fixed at their respective mean.
{res}
{txt}Multiple-imputation estimates{col 49}Imputations{col 67}= {res}         5
{txt}{col 49}Number of obs{col 67}= {res}     1,186
{txt}{col 49}Average RVI{col 67}= {res}    0.0004
{txt}{col 49}Largest FMI{col 67}= {res}    0.0010
{txt}DF adjustment:{ralign 15: {res:Large sample}}{col 49}DF:     min{col 67}= {res}3659635.54
{txt}{col 49}        avg{col 67}= {res}  8.92e+09
{txt}{col 49}        max{col 67}= {res}  4.45e+10

{txt}{hline 13}{c TT}{hline 11}{hline 11}{hline 9}{hline 8}{hline 13}{hline 12}
{col 14}{c |} Coefficient{col 26}  Std. err.{col 38}      t{col 46}   P>|t|{col 54}     [95% con{col 67}f. interval]
{hline 13}{c +}{hline 11}{hline 11}{hline 9}{hline 8}{hline 13}{hline 12}
{space 6}tereri {c |}{col 14}{res}{space 2} .4107362{col 26}{space 2} .1057516{col 37}{space 1}    3.88{col 46}{space 3}0.000{col 54}{space 4} .2034669{col 67}{space 3} .6180056
{txt}{space 3}ereri_cde {c |}{col 14}{res}{space 2} .3825567{col 26}{space 2} .1022728{col 37}{space 1}    3.74{col 46}{space 3}0.000{col 54}{space 4} .1821058{col 67}{space 3} .5830077
{txt}ereri_intref {c |}{col 14}{res}{space 2}  .015644{col 26}{space 2} .0143724{col 37}{space 1}    1.09{col 46}{space 3}0.276{col 54}{space 4}-.0125254{col 67}{space 3} .0438134
{txt}ereri_intmed {c |}{col 14}{res}{space 2} .0061412{col 26}{space 2} .0073845{col 37}{space 1}    0.83{col 46}{space 3}0.406{col 54}{space 4}-.0083321{col 67}{space 3} .0206145
{txt}{space 3}ereri_pie {c |}{col 14}{res}{space 2} .0063943{col 26}{space 2} .0067089{col 37}{space 1}    0.95{col 46}{space 3}0.341{col 54}{space 4}-.0067549{col 67}{space 3} .0195434
{txt}{hline 13}{c BT}{hline 11}{hline 11}{hline 9}{hline 8}{hline 13}{hline 12}
{res}{err}Warning: this analysis assumes a rare outcome.
Warning: fixed values for the covariates AGE2006 SEX NonWhite educationg1 educationg2 educationg3 educationg4 educationg5 totwealth_2006 marital_2006g1 marital_2006g2 marital_2006g3 marital_2006g4 smoking_2006g1 smoking_2006g2 smoking_2006g3 physic_act_2006g1 physic_act_2006g2 physic_act_2006g3 srh_2006g1 srh_2006g2 bmibr_2006g1 bmibr_2006g2 bmibr_2006g3 cardiometcondbr_2006g1 cardiometcondbr_2006g2 cardiometcondbr_2006g3 zcesd_2006 were not provided. All covariates are fixed at their respective mean.
{res}{err}Warning: this analysis assumes a rare outcome.
Warning: fixed values for the covariates AGE2006 SEX NonWhite educationg1 educationg2 educationg3 educationg4 educationg5 totwealth_2006 marital_2006g1 marital_2006g2 marital_2006g3 marital_2006g4 smoking_2006g1 smoking_2006g2 smoking_2006g3 physic_act_2006g1 physic_act_2006g2 physic_act_2006g3 srh_2006g1 srh_2006g2 bmibr_2006g1 bmibr_2006g2 bmibr_2006g3 cardiometcondbr_2006g1 cardiometcondbr_2006g2 cardiometcondbr_2006g3 zcesd_2006 were not provided. All covariates are fixed at their respective mean.
{res}{err}Warning: this analysis assumes a rare outcome.
Warning: fixed values for the covariates AGE2006 SEX NonWhite educationg1 educationg2 educationg3 educationg4 educationg5 totwealth_2006 marital_2006g1 marital_2006g2 marital_2006g3 marital_2006g4 smoking_2006g1 smoking_2006g2 smoking_2006g3 physic_act_2006g1 physic_act_2006g2 physic_act_2006g3 srh_2006g1 srh_2006g2 bmibr_2006g1 bmibr_2006g2 bmibr_2006g3 cardiometcondbr_2006g1 cardiometcondbr_2006g2 cardiometcondbr_2006g3 zcesd_2006 were not provided. All covariates are fixed at their respective mean.
{res}{err}Warning: this analysis assumes a rare outcome.
Warning: fixed values for the covariates AGE2006 SEX NonWhite educationg1 educationg2 educationg3 educationg4 educationg5 totwealth_2006 marital_2006g1 marital_2006g2 marital_2006g3 marital_2006g4 smoking_2006g1 smoking_2006g2 smoking_2006g3 physic_act_2006g1 physic_act_2006g2 physic_act_2006g3 srh_2006g1 srh_2006g2 bmibr_2006g1 bmibr_2006g2 bmibr_2006g3 cardiometcondbr_2006g1 cardiometcondbr_2006g2 cardiometcondbr_2006g3 zcesd_2006 were not provided. All covariates are fixed at their respective mean.
{res}{err}Warning: this analysis assumes a rare outcome.
Warning: fixed values for the covariates AGE2006 SEX NonWhite educationg1 educationg2 educationg3 educationg4 educationg5 totwealth_2006 marital_2006g1 marital_2006g2 marital_2006g3 marital_2006g4 smoking_2006g1 smoking_2006g2 smoking_2006g3 physic_act_2006g1 physic_act_2006g2 physic_act_2006g3 srh_2006g1 srh_2006g2 bmibr_2006g1 bmibr_2006g2 bmibr_2006g3 cardiometcondbr_2006g1 cardiometcondbr_2006g2 cardiometcondbr_2006g3 zcesd_2006 were not provided. All covariates are fixed at their respective mean.
{res}
{txt}Multiple-imputation estimates{col 49}Imputations{col 67}= {res}         5
{txt}{col 49}Number of obs{col 67}= {res}     1,186
{txt}{col 49}Average RVI{col 67}= {res}    0.0006
{txt}{col 49}Largest FMI{col 67}= {res}    0.0023
{txt}DF adjustment:{ralign 15: {res:Large sample}}{col 49}DF:     min{col 67}= {res}736,653.95
{txt}{col 49}        avg{col 67}= {res}  1.70e+10
{txt}{col 49}        max{col 67}= {res}  8.06e+10

{txt}{hline 13}{c TT}{hline 11}{hline 11}{hline 9}{hline 8}{hline 13}{hline 12}
{col 14}{c |} Coefficient{col 26}  Std. err.{col 38}      t{col 46}   P>|t|{col 54}     [95% con{col 67}f. interval]
{hline 13}{c +}{hline 11}{hline 11}{hline 9}{hline 8}{hline 13}{hline 12}
{space 6}tereri {c |}{col 14}{res}{space 2} .2267244{col 26}{space 2} .0617054{col 37}{space 1}    3.67{col 46}{space 3}0.000{col 54}{space 4}  .105784{col 67}{space 3} .3476649
{txt}{space 3}ereri_cde {c |}{col 14}{res}{space 2} .2179709{col 26}{space 2} .0598896{col 37}{space 1}    3.64{col 46}{space 3}0.000{col 54}{space 4} .1005894{col 67}{space 3} .3353524
{txt}ereri_intref {c |}{col 14}{res}{space 2} .0077981{col 26}{space 2} .0082535{col 37}{space 1}    0.94{col 46}{space 3}0.345{col 54}{space 4}-.0083785{col 67}{space 3} .0239748
{txt}ereri_intmed {c |}{col 14}{res}{space 2} .0002961{col 26}{space 2} .0021035{col 37}{space 1}    0.14{col 46}{space 3}0.888{col 54}{space 4}-.0038267{col 67}{space 3} .0044188
{txt}{space 3}ereri_pie {c |}{col 14}{res}{space 2} .0006594{col 26}{space 2} .0046543{col 37}{space 1}    0.14{col 46}{space 3}0.887{col 54}{space 4}-.0084629{col 67}{space 3} .0097817
{txt}{hline 13}{c BT}{hline 11}{hline 11}{hline 9}{hline 8}{hline 13}{hline 12}
{res}{err}Warning: this analysis assumes a rare outcome.
Warning: fixed values for the covariates AGE2006 SEX NonWhite educationg1 educationg2 educationg3 educationg4 educationg5 totwealth_2006 marital_2006g1 marital_2006g2 marital_2006g3 marital_2006g4 smoking_2006g1 smoking_2006g2 smoking_2006g3 physic_act_2006g1 physic_act_2006g2 physic_act_2006g3 srh_2006g1 srh_2006g2 bmibr_2006g1 bmibr_2006g2 bmibr_2006g3 cardiometcondbr_2006g1 cardiometcondbr_2006g2 cardiometcondbr_2006g3 zcesd_2006 were not provided. All covariates are fixed at their respective mean.
{res}{err}Warning: this analysis assumes a rare outcome.
Warning: fixed values for the covariates AGE2006 SEX NonWhite educationg1 educationg2 educationg3 educationg4 educationg5 totwealth_2006 marital_2006g1 marital_2006g2 marital_2006g3 marital_2006g4 smoking_2006g1 smoking_2006g2 smoking_2006g3 physic_act_2006g1 physic_act_2006g2 physic_act_2006g3 srh_2006g1 srh_2006g2 bmibr_2006g1 bmibr_2006g2 bmibr_2006g3 cardiometcondbr_2006g1 cardiometcondbr_2006g2 cardiometcondbr_2006g3 zcesd_2006 were not provided. All covariates are fixed at their respective mean.
{res}{err}Warning: this analysis assumes a rare outcome.
Warning: fixed values for the covariates AGE2006 SEX NonWhite educationg1 educationg2 educationg3 educationg4 educationg5 totwealth_2006 marital_2006g1 marital_2006g2 marital_2006g3 marital_2006g4 smoking_2006g1 smoking_2006g2 smoking_2006g3 physic_act_2006g1 physic_act_2006g2 physic_act_2006g3 srh_2006g1 srh_2006g2 bmibr_2006g1 bmibr_2006g2 bmibr_2006g3 cardiometcondbr_2006g1 cardiometcondbr_2006g2 cardiometcondbr_2006g3 zcesd_2006 were not provided. All covariates are fixed at their respective mean.
{res}{err}Warning: this analysis assumes a rare outcome.
Warning: fixed values for the covariates AGE2006 SEX NonWhite educationg1 educationg2 educationg3 educationg4 educationg5 totwealth_2006 marital_2006g1 marital_2006g2 marital_2006g3 marital_2006g4 smoking_2006g1 smoking_2006g2 smoking_2006g3 physic_act_2006g1 physic_act_2006g2 physic_act_2006g3 srh_2006g1 srh_2006g2 bmibr_2006g1 bmibr_2006g2 bmibr_2006g3 cardiometcondbr_2006g1 cardiometcondbr_2006g2 cardiometcondbr_2006g3 zcesd_2006 were not provided. All covariates are fixed at their respective mean.
{res}{err}Warning: this analysis assumes a rare outcome.
Warning: fixed values for the covariates AGE2006 SEX NonWhite educationg1 educationg2 educationg3 educationg4 educationg5 totwealth_2006 marital_2006g1 marital_2006g2 marital_2006g3 marital_2006g4 smoking_2006g1 smoking_2006g2 smoking_2006g3 physic_act_2006g1 physic_act_2006g2 physic_act_2006g3 srh_2006g1 srh_2006g2 bmibr_2006g1 bmibr_2006g2 bmibr_2006g3 cardiometcondbr_2006g1 cardiometcondbr_2006g2 cardiometcondbr_2006g3 zcesd_2006 were not provided. All covariates are fixed at their respective mean.
{res}
{txt}Multiple-imputation estimates{col 49}Imputations{col 67}= {res}         5
{txt}{col 49}Number of obs{col 67}= {res}     1,186
{txt}{col 49}Average RVI{col 67}= {res}    0.0003
{txt}{col 49}Largest FMI{col 67}= {res}    0.0009
{txt}DF adjustment:{ralign 15: {res:Large sample}}{col 49}DF:     min{col 67}= {res}4758645.64
{txt}{col 49}        avg{col 67}= {res}  7.06e+10
{txt}{col 49}        max{col 67}= {res}  3.53e+11

{txt}{hline 13}{c TT}{hline 11}{hline 11}{hline 9}{hline 8}{hline 13}{hline 12}
{col 14}{c |} Coefficient{col 26}  Std. err.{col 38}      t{col 46}   P>|t|{col 54}     [95% con{col 67}f. interval]
{hline 13}{c +}{hline 11}{hline 11}{hline 9}{hline 8}{hline 13}{hline 12}
{space 6}tereri {c |}{col 14}{res}{space 2} .3400088{col 26}{space 2} .0751285{col 37}{space 1}    4.53{col 46}{space 3}0.000{col 54}{space 4} .1927597{col 67}{space 3} .4872579
{txt}{space 3}ereri_cde {c |}{col 14}{res}{space 2} .3295654{col 26}{space 2} .0736675{col 37}{space 1}    4.47{col 46}{space 3}0.000{col 54}{space 4} .1851797{col 67}{space 3} .4739511
{txt}ereri_intref {c |}{col 14}{res}{space 2} .0044248{col 26}{space 2} .0090454{col 37}{space 1}    0.49{col 46}{space 3}0.625{col 54}{space 4}-.0133038{col 67}{space 3} .0221535
{txt}ereri_intmed {c |}{col 14}{res}{space 2} .0014626{col 26}{space 2} .0026447{col 37}{space 1}    0.55{col 46}{space 3}0.580{col 54}{space 4}-.0037209{col 67}{space 3} .0066462
{txt}{space 3}ereri_pie {c |}{col 14}{res}{space 2}  .004556{col 26}{space 2}   .00579{col 37}{space 1}    0.79{col 46}{space 3}0.431{col 54}{space 4}-.0067921{col 67}{space 3} .0159041
{txt}{hline 13}{c BT}{hline 11}{hline 11}{hline 9}{hline 8}{hline 13}{hline 12}
{res}{txt}
{com}. 
. 
. save, replace
{txt}{p 0 4 2}
(file {bf}
C:\Users\baydounm\AppData\Local\Temp\ST_6434_000002.tmp{rm}
not found)
{p_end}
{p 0 4 2}
file {bf}
C:\Users\baydounm\AppData\Local\Temp\ST_6434_000002.tmp{rm}
saved
as .dta format
{p_end}

{com}. 
. capture log close
{smcl}
{com}{sf}{ul off}